16:00:24 **** Build of configuration Debug for project position_control_direct_coding ****
make -j20 all 
arm-none-eabi-gcc "../Drivers/STM32F4xx_HAL_Driver/Src/stm32f4xx_hal.c" -mcpu=cortex-m4 -std=gnu11 -g3 -DDEBUG -DUSE_HAL_DRIVER -DSTM32F401xE -c -I../Core/Inc -I../Drivers/STM32F4xx_HAL_Driver/Inc -I../Drivers/STM32F4xx_HAL_Driver/Inc/Legacy -I../Drivers/CMSIS/Device/ST/STM32F4xx/Include -I../Drivers/CMSIS/Include -O0 -ffunction-sections -fdata-sections -Wall -fstack-usage -fcyclomatic-complexity -MMD -MP -MF"Drivers/STM32F4xx_HAL_Driver/Src/stm32f4xx_hal.d" -MT"Drivers/STM32F4xx_HAL_Driver/Src/stm32f4xx_hal.o" --specs=nano.specs -mfpu=fpv4-sp-d16 -mfloat-abi=hard -mthumb -o "Drivers/STM32F4xx_HAL_Driver/Src/stm32f4xx_hal.o"
arm-none-eabi-gcc "../Drivers/STM32F4xx_HAL_Driver/Src/stm32f4xx_hal_cortex.c" -mcpu=cortex-m4 -std=gnu11 -g3 -DDEBUG -DUSE_HAL_DRIVER -DSTM32F401xE -c -I../Core/Inc -I../Drivers/STM32F4xx_HAL_Driver/Inc -I../Drivers/STM32F4xx_HAL_Driver/Inc/Legacy -I../Drivers/CMSIS/Device/ST/STM32F4xx/Include -I../Drivers/CMSIS/Include -O0 -ffunction-sections -fdata-sections -Wall -fstack-usage -fcyclomatic-complexity -MMD -MP -MF"Drivers/STM32F4xx_HAL_Driver/Src/stm32f4xx_hal_cortex.d" -MT"Drivers/STM32F4xx_HAL_Driver/Src/stm32f4xx_hal_cortex.o" --specs=nano.specs -mfpu=fpv4-sp-d16 -mfloat-abi=hard -mthumb -o "Drivers/STM32F4xx_HAL_Driver/Src/stm32f4xx_hal_cortex.o"
arm-none-eabi-gcc "../Drivers/STM32F4xx_HAL_Driver/Src/stm32f4xx_hal_dma.c" -mcpu=cortex-m4 -std=gnu11 -g3 -DDEBUG -DUSE_HAL_DRIVER -DSTM32F401xE -c -I../Core/Inc -I../Drivers/STM32F4xx_HAL_Driver/Inc -I../Drivers/STM32F4xx_HAL_Driver/Inc/Legacy -I../Drivers/CMSIS/Device/ST/STM32F4xx/Include -I../Drivers/CMSIS/Include -O0 -ffunction-sections -fdata-sections -Wall -fstack-usage -fcyclomatic-complexity -MMD -MP -MF"Drivers/STM32F4xx_HAL_Driver/Src/stm32f4xx_hal_dma.d" -MT"Drivers/STM32F4xx_HAL_Driver/Src/stm32f4xx_hal_dma.o" --specs=nano.specs -mfpu=fpv4-sp-d16 -mfloat-abi=hard -mthumb -o "Drivers/STM32F4xx_HAL_Driver/Src/stm32f4xx_hal_dma.o"
arm-none-eabi-gcc "../Drivers/STM32F4xx_HAL_Driver/Src/stm32f4xx_hal_dma_ex.c" -mcpu=cortex-m4 -std=gnu11 -g3 -DDEBUG -DUSE_HAL_DRIVER -DSTM32F401xE -c -I../Core/Inc -I../Drivers/STM32F4xx_HAL_Driver/Inc -I../Drivers/STM32F4xx_HAL_Driver/Inc/Legacy -I../Drivers/CMSIS/Device/ST/STM32F4xx/Include -I../Drivers/CMSIS/Include -O0 -ffunction-sections -fdata-sections -Wall -fstack-usage -fcyclomatic-complexity -MMD -MP -MF"Drivers/STM32F4xx_HAL_Driver/Src/stm32f4xx_hal_dma_ex.d" -MT"Drivers/STM32F4xx_HAL_Driver/Src/stm32f4xx_hal_dma_ex.o" --specs=nano.specs -mfpu=fpv4-sp-d16 -mfloat-abi=hard -mthumb -o "Drivers/STM32F4xx_HAL_Driver/Src/stm32f4xx_hal_dma_ex.o"
arm-none-eabi-gcc "../Drivers/STM32F4xx_HAL_Driver/Src/stm32f4xx_hal_exti.c" -mcpu=cortex-m4 -std=gnu11 -g3 -DDEBUG -DUSE_HAL_DRIVER -DSTM32F401xE -c -I../Core/Inc -I../Drivers/STM32F4xx_HAL_Driver/Inc -I../Drivers/STM32F4xx_HAL_Driver/Inc/Legacy -I../Drivers/CMSIS/Device/ST/STM32F4xx/Include -I../Drivers/CMSIS/Include -O0 -ffunction-sections -fdata-sections -Wall -fstack-usage -fcyclomatic-complexity -MMD -MP -MF"Drivers/STM32F4xx_HAL_Driver/Src/stm32f4xx_hal_exti.d" -MT"Drivers/STM32F4xx_HAL_Driver/Src/stm32f4xx_hal_exti.o" --specs=nano.specs -mfpu=fpv4-sp-d16 -mfloat-abi=hard -mthumb -o "Drivers/STM32F4xx_HAL_Driver/Src/stm32f4xx_hal_exti.o"
arm-none-eabi-gcc "../Drivers/STM32F4xx_HAL_Driver/Src/stm32f4xx_hal_flash.c" -mcpu=cortex-m4 -std=gnu11 -g3 -DDEBUG -DUSE_HAL_DRIVER -DSTM32F401xE -c -I../Core/Inc -I../Drivers/STM32F4xx_HAL_Driver/Inc -I../Drivers/STM32F4xx_HAL_Driver/Inc/Legacy -I../Drivers/CMSIS/Device/ST/STM32F4xx/Include -I../Drivers/CMSIS/Include -O0 -ffunction-sections -fdata-sections -Wall -fstack-usage -fcyclomatic-complexity -MMD -MP -MF"Drivers/STM32F4xx_HAL_Driver/Src/stm32f4xx_hal_flash.d" -MT"Drivers/STM32F4xx_HAL_Driver/Src/stm32f4xx_hal_flash.o" --specs=nano.specs -mfpu=fpv4-sp-d16 -mfloat-abi=hard -mthumb -o "Drivers/STM32F4xx_HAL_Driver/Src/stm32f4xx_hal_flash.o"
arm-none-eabi-gcc "../Drivers/STM32F4xx_HAL_Driver/Src/stm32f4xx_hal_flash_ex.c" -mcpu=cortex-m4 -std=gnu11 -g3 -DDEBUG -DUSE_HAL_DRIVER -DSTM32F401xE -c -I../Core/Inc -I../Drivers/STM32F4xx_HAL_Driver/Inc -I../Drivers/STM32F4xx_HAL_Driver/Inc/Legacy -I../Drivers/CMSIS/Device/ST/STM32F4xx/Include -I../Drivers/CMSIS/Include -O0 -ffunction-sections -fdata-sections -Wall -fstack-usage -fcyclomatic-complexity -MMD -MP -MF"Drivers/STM32F4xx_HAL_Driver/Src/stm32f4xx_hal_flash_ex.d" -MT"Drivers/STM32F4xx_HAL_Driver/Src/stm32f4xx_hal_flash_ex.o" --specs=nano.specs -mfpu=fpv4-sp-d16 -mfloat-abi=hard -mthumb -o "Drivers/STM32F4xx_HAL_Driver/Src/stm32f4xx_hal_flash_ex.o"
arm-none-eabi-gcc "../Drivers/STM32F4xx_HAL_Driver/Src/stm32f4xx_hal_flash_ramfunc.c" -mcpu=cortex-m4 -std=gnu11 -g3 -DDEBUG -DUSE_HAL_DRIVER -DSTM32F401xE -c -I../Core/Inc -I../Drivers/STM32F4xx_HAL_Driver/Inc -I../Drivers/STM32F4xx_HAL_Driver/Inc/Legacy -I../Drivers/CMSIS/Device/ST/STM32F4xx/Include -I../Drivers/CMSIS/Include -O0 -ffunction-sections -fdata-sections -Wall -fstack-usage -fcyclomatic-complexity -MMD -MP -MF"Drivers/STM32F4xx_HAL_Driver/Src/stm32f4xx_hal_flash_ramfunc.d" -MT"Drivers/STM32F4xx_HAL_Driver/Src/stm32f4xx_hal_flash_ramfunc.o" --specs=nano.specs -mfpu=fpv4-sp-d16 -mfloat-abi=hard -mthumb -o "Drivers/STM32F4xx_HAL_Driver/Src/stm32f4xx_hal_flash_ramfunc.o"
arm-none-eabi-gcc "../Drivers/STM32F4xx_HAL_Driver/Src/stm32f4xx_hal_gpio.c" -mcpu=cortex-m4 -std=gnu11 -g3 -DDEBUG -DUSE_HAL_DRIVER -DSTM32F401xE -c -I../Core/Inc -I../Drivers/STM32F4xx_HAL_Driver/Inc -I../Drivers/STM32F4xx_HAL_Driver/Inc/Legacy -I../Drivers/CMSIS/Device/ST/STM32F4xx/Include -I../Drivers/CMSIS/Include -O0 -ffunction-sections -fdata-sections -Wall -fstack-usage -fcyclomatic-complexity -MMD -MP -MF"Drivers/STM32F4xx_HAL_Driver/Src/stm32f4xx_hal_gpio.d" -MT"Drivers/STM32F4xx_HAL_Driver/Src/stm32f4xx_hal_gpio.o" --specs=nano.specs -mfpu=fpv4-sp-d16 -mfloat-abi=hard -mthumb -o "Drivers/STM32F4xx_HAL_Driver/Src/stm32f4xx_hal_gpio.o"
arm-none-eabi-gcc "../Drivers/STM32F4xx_HAL_Driver/Src/stm32f4xx_hal_pwr.c" -mcpu=cortex-m4 -std=gnu11 -g3 -DDEBUG -DUSE_HAL_DRIVER -DSTM32F401xE -c -I../Core/Inc -I../Drivers/STM32F4xx_HAL_Driver/Inc -I../Drivers/STM32F4xx_HAL_Driver/Inc/Legacy -I../Drivers/CMSIS/Device/ST/STM32F4xx/Include -I../Drivers/CMSIS/Include -O0 -ffunction-sections -fdata-sections -Wall -fstack-usage -fcyclomatic-complexity -MMD -MP -MF"Drivers/STM32F4xx_HAL_Driver/Src/stm32f4xx_hal_pwr.d" -MT"Drivers/STM32F4xx_HAL_Driver/Src/stm32f4xx_hal_pwr.o" --specs=nano.specs -mfpu=fpv4-sp-d16 -mfloat-abi=hard -mthumb -o "Drivers/STM32F4xx_HAL_Driver/Src/stm32f4xx_hal_pwr.o"
arm-none-eabi-gcc "../Drivers/STM32F4xx_HAL_Driver/Src/stm32f4xx_hal_pwr_ex.c" -mcpu=cortex-m4 -std=gnu11 -g3 -DDEBUG -DUSE_HAL_DRIVER -DSTM32F401xE -c -I../Core/Inc -I../Drivers/STM32F4xx_HAL_Driver/Inc -I../Drivers/STM32F4xx_HAL_Driver/Inc/Legacy -I../Drivers/CMSIS/Device/ST/STM32F4xx/Include -I../Drivers/CMSIS/Include -O0 -ffunction-sections -fdata-sections -Wall -fstack-usage -fcyclomatic-complexity -MMD -MP -MF"Drivers/STM32F4xx_HAL_Driver/Src/stm32f4xx_hal_pwr_ex.d" -MT"Drivers/STM32F4xx_HAL_Driver/Src/stm32f4xx_hal_pwr_ex.o" --specs=nano.specs -mfpu=fpv4-sp-d16 -mfloat-abi=hard -mthumb -o "Drivers/STM32F4xx_HAL_Driver/Src/stm32f4xx_hal_pwr_ex.o"
arm-none-eabi-gcc "../Drivers/STM32F4xx_HAL_Driver/Src/stm32f4xx_hal_rcc.c" -mcpu=cortex-m4 -std=gnu11 -g3 -DDEBUG -DUSE_HAL_DRIVER -DSTM32F401xE -c -I../Core/Inc -I../Drivers/STM32F4xx_HAL_Driver/Inc -I../Drivers/STM32F4xx_HAL_Driver/Inc/Legacy -I../Drivers/CMSIS/Device/ST/STM32F4xx/Include -I../Drivers/CMSIS/Include -O0 -ffunction-sections -fdata-sections -Wall -fstack-usage -fcyclomatic-complexity -MMD -MP -MF"Drivers/STM32F4xx_HAL_Driver/Src/stm32f4xx_hal_rcc.d" -MT"Drivers/STM32F4xx_HAL_Driver/Src/stm32f4xx_hal_rcc.o" --specs=nano.specs -mfpu=fpv4-sp-d16 -mfloat-abi=hard -mthumb -o "Drivers/STM32F4xx_HAL_Driver/Src/stm32f4xx_hal_rcc.o"
arm-none-eabi-gcc "../Drivers/STM32F4xx_HAL_Driver/Src/stm32f4xx_hal_rcc_ex.c" -mcpu=cortex-m4 -std=gnu11 -g3 -DDEBUG -DUSE_HAL_DRIVER -DSTM32F401xE -c -I../Core/Inc -I../Drivers/STM32F4xx_HAL_Driver/Inc -I../Drivers/STM32F4xx_HAL_Driver/Inc/Legacy -I../Drivers/CMSIS/Device/ST/STM32F4xx/Include -I../Drivers/CMSIS/Include -O0 -ffunction-sections -fdata-sections -Wall -fstack-usage -fcyclomatic-complexity -MMD -MP -MF"Drivers/STM32F4xx_HAL_Driver/Src/stm32f4xx_hal_rcc_ex.d" -MT"Drivers/STM32F4xx_HAL_Driver/Src/stm32f4xx_hal_rcc_ex.o" --specs=nano.specs -mfpu=fpv4-sp-d16 -mfloat-abi=hard -mthumb -o "Drivers/STM32F4xx_HAL_Driver/Src/stm32f4xx_hal_rcc_ex.o"
arm-none-eabi-gcc "../Drivers/STM32F4xx_HAL_Driver/Src/stm32f4xx_hal_tim.c" -mcpu=cortex-m4 -std=gnu11 -g3 -DDEBUG -DUSE_HAL_DRIVER -DSTM32F401xE -c -I../Core/Inc -I../Drivers/STM32F4xx_HAL_Driver/Inc -I../Drivers/STM32F4xx_HAL_Driver/Inc/Legacy -I../Drivers/CMSIS/Device/ST/STM32F4xx/Include -I../Drivers/CMSIS/Include -O0 -ffunction-sections -fdata-sections -Wall -fstack-usage -fcyclomatic-complexity -MMD -MP -MF"Drivers/STM32F4xx_HAL_Driver/Src/stm32f4xx_hal_tim.d" -MT"Drivers/STM32F4xx_HAL_Driver/Src/stm32f4xx_hal_tim.o" --specs=nano.specs -mfpu=fpv4-sp-d16 -mfloat-abi=hard -mthumb -o "Drivers/STM32F4xx_HAL_Driver/Src/stm32f4xx_hal_tim.o"
arm-none-eabi-gcc "../Drivers/STM32F4xx_HAL_Driver/Src/stm32f4xx_hal_tim_ex.c" -mcpu=cortex-m4 -std=gnu11 -g3 -DDEBUG -DUSE_HAL_DRIVER -DSTM32F401xE -c -I../Core/Inc -I../Drivers/STM32F4xx_HAL_Driver/Inc -I../Drivers/STM32F4xx_HAL_Driver/Inc/Legacy -I../Drivers/CMSIS/Device/ST/STM32F4xx/Include -I../Drivers/CMSIS/Include -O0 -ffunction-sections -fdata-sections -Wall -fstack-usage -fcyclomatic-complexity -MMD -MP -MF"Drivers/STM32F4xx_HAL_Driver/Src/stm32f4xx_hal_tim_ex.d" -MT"Drivers/STM32F4xx_HAL_Driver/Src/stm32f4xx_hal_tim_ex.o" --specs=nano.specs -mfpu=fpv4-sp-d16 -mfloat-abi=hard -mthumb -o "Drivers/STM32F4xx_HAL_Driver/Src/stm32f4xx_hal_tim_ex.o"
arm-none-eabi-gcc "../Drivers/STM32F4xx_HAL_Driver/Src/stm32f4xx_hal_uart.c" -mcpu=cortex-m4 -std=gnu11 -g3 -DDEBUG -DUSE_HAL_DRIVER -DSTM32F401xE -c -I../Core/Inc -I../Drivers/STM32F4xx_HAL_Driver/Inc -I../Drivers/STM32F4xx_HAL_Driver/Inc/Legacy -I../Drivers/CMSIS/Device/ST/STM32F4xx/Include -I../Drivers/CMSIS/Include -O0 -ffunction-sections -fdata-sections -Wall -fstack-usage -fcyclomatic-complexity -MMD -MP -MF"Drivers/STM32F4xx_HAL_Driver/Src/stm32f4xx_hal_uart.d" -MT"Drivers/STM32F4xx_HAL_Driver/Src/stm32f4xx_hal_uart.o" --specs=nano.specs -mfpu=fpv4-sp-d16 -mfloat-abi=hard -mthumb -o "Drivers/STM32F4xx_HAL_Driver/Src/stm32f4xx_hal_uart.o"
arm-none-eabi-gcc -mcpu=cortex-m4 -g3 -DDEBUG -c -x assembler-with-cpp -MMD -MP -MF"Core/Startup/startup_stm32f401retx.d" -MT"Core/Startup/startup_stm32f401retx.o" --specs=nano.specs -mfpu=fpv4-sp-d16 -mfloat-abi=hard -mthumb -o "Core/Startup/startup_stm32f401retx.o" "../Core/Startup/startup_stm32f401retx.s"
arm-none-eabi-gcc "../Core/Src/main.c" -mcpu=cortex-m4 -std=gnu11 -g3 -DDEBUG -DUSE_HAL_DRIVER -DSTM32F401xE -c -I../Core/Inc -I../Drivers/STM32F4xx_HAL_Driver/Inc -I../Drivers/STM32F4xx_HAL_Driver/Inc/Legacy -I../Drivers/CMSIS/Device/ST/STM32F4xx/Include -I../Drivers/CMSIS/Include -O0 -ffunction-sections -fdata-sections -Wall -fstack-usage -fcyclomatic-complexity -MMD -MP -MF"Core/Src/main.d" -MT"Core/Src/main.o" --specs=nano.specs -mfpu=fpv4-sp-d16 -mfloat-abi=hard -mthumb -o "Core/Src/main.o"
arm-none-eabi-gcc "../Core/Src/stm32f4xx_hal_msp.c" -mcpu=cortex-m4 -std=gnu11 -g3 -DDEBUG -DUSE_HAL_DRIVER -DSTM32F401xE -c -I../Core/Inc -I../Drivers/STM32F4xx_HAL_Driver/Inc -I../Drivers/STM32F4xx_HAL_Driver/Inc/Legacy -I../Drivers/CMSIS/Device/ST/STM32F4xx/Include -I../Drivers/CMSIS/Include -O0 -ffunction-sections -fdata-sections -Wall -fstack-usage -fcyclomatic-complexity -MMD -MP -MF"Core/Src/stm32f4xx_hal_msp.d" -MT"Core/Src/stm32f4xx_hal_msp.o" --specs=nano.specs -mfpu=fpv4-sp-d16 -mfloat-abi=hard -mthumb -o "Core/Src/stm32f4xx_hal_msp.o"
arm-none-eabi-gcc "../Core/Src/stm32f4xx_it.c" -mcpu=cortex-m4 -std=gnu11 -g3 -DDEBUG -DUSE_HAL_DRIVER -DSTM32F401xE -c -I../Core/Inc -I../Drivers/STM32F4xx_HAL_Driver/Inc -I../Drivers/STM32F4xx_HAL_Driver/Inc/Legacy -I../Drivers/CMSIS/Device/ST/STM32F4xx/Include -I../Drivers/CMSIS/Include -O0 -ffunction-sections -fdata-sections -Wall -fstack-usage -fcyclomatic-complexity -MMD -MP -MF"Core/Src/stm32f4xx_it.d" -MT"Core/Src/stm32f4xx_it.o" --specs=nano.specs -mfpu=fpv4-sp-d16 -mfloat-abi=hard -mthumb -o "Core/Src/stm32f4xx_it.o"
arm-none-eabi-gcc "../Core/Src/syscalls.c" -mcpu=cortex-m4 -std=gnu11 -g3 -DDEBUG -DUSE_HAL_DRIVER -DSTM32F401xE -c -I../Core/Inc -I../Drivers/STM32F4xx_HAL_Driver/Inc -I../Drivers/STM32F4xx_HAL_Driver/Inc/Legacy -I../Drivers/CMSIS/Device/ST/STM32F4xx/Include -I../Drivers/CMSIS/Include -O0 -ffunction-sections -fdata-sections -Wall -fstack-usage -fcyclomatic-complexity -MMD -MP -MF"Core/Src/syscalls.d" -MT"Core/Src/syscalls.o" --specs=nano.specs -mfpu=fpv4-sp-d16 -mfloat-abi=hard -mthumb -o "Core/Src/syscalls.o"
arm-none-eabi-gcc "../Core/Src/sysmem.c" -mcpu=cortex-m4 -std=gnu11 -g3 -DDEBUG -DUSE_HAL_DRIVER -DSTM32F401xE -c -I../Core/Inc -I../Drivers/STM32F4xx_HAL_Driver/Inc -I../Drivers/STM32F4xx_HAL_Driver/Inc/Legacy -I../Drivers/CMSIS/Device/ST/STM32F4xx/Include -I../Drivers/CMSIS/Include -O0 -ffunction-sections -fdata-sections -Wall -fstack-usage -fcyclomatic-complexity -MMD -MP -MF"Core/Src/sysmem.d" -MT"Core/Src/sysmem.o" --specs=nano.specs -mfpu=fpv4-sp-d16 -mfloat-abi=hard -mthumb -o "Core/Src/sysmem.o"
arm-none-eabi-gcc "../Core/Src/system_stm32f4xx.c" -mcpu=cortex-m4 -std=gnu11 -g3 -DDEBUG -DUSE_HAL_DRIVER -DSTM32F401xE -c -I../Core/Inc -I../Drivers/STM32F4xx_HAL_Driver/Inc -I../Drivers/STM32F4xx_HAL_Driver/Inc/Legacy -I../Drivers/CMSIS/Device/ST/STM32F4xx/Include -I../Drivers/CMSIS/Include -O0 -ffunction-sections -fdata-sections -Wall -fstack-usage -fcyclomatic-complexity -MMD -MP -MF"Core/Src/system_stm32f4xx.d" -MT"Core/Src/system_stm32f4xx.o" --specs=nano.specs -mfpu=fpv4-sp-d16 -mfloat-abi=hard -mthumb -o "Core/Src/system_stm32f4xx.o"
arm-none-eabi-gcc -o "position_control_direct_coding.elf" @"objects.list"   -mcpu=cortex-m4 -T"E:\edc\progetto\direct_coding\position_control_direct_coding\STM32F401RETX_FLASH.ld" --specs=nosys.specs -Wl,-Map="position_control_direct_coding.map" -Wl,--gc-sections -static --specs=nano.specs -mfpu=fpv4-sp-d16 -mfloat-abi=hard -mthumb -Wl,--start-group -lc -lm -Wl,--end-group
Finished building target: position_control_direct_coding.elf
 
arm-none-eabi-size  position_control_direct_coding.elf 
arm-none-eabi-objdump -h -S position_control_direct_coding.elf  > "position_control_direct_coding.list"
   text	   data	    bss	    dec	    hex	filename
  25016	    184	   2304	  27504	   6b70	position_control_direct_coding.elf
Finished building: default.size.stdout
 
Finished building: position_control_direct_coding.list
 
16:01:11 **** Incremental Build of configuration Debug for project position_control_direct_coding ****
make -j20 all 
arm-none-eabi-size  position_control_direct_coding.elf 
   text	   data	    bss	    dec	    hex	filename
  25016	    184	   2304	  27504	   6b70	position_control_direct_coding.elf
Finished building: default.size.stdout
 
16:09:51 **** Incremental Build of configuration Debug for project position_control_direct_coding ****
make -j20 all 
arm-none-eabi-gcc -o "position_control_direct_coding.elf" @"objects.list"   -mcpu=cortex-m4 -T"E:\edc\progetto\direct_coding\position_control_direct_coding\STM32F401RETX_FLASH.ld" --specs=nosys.specs -Wl,-Map="position_control_direct_coding.map" -Wl,--gc-sections -static --specs=nano.specs -mfpu=fpv4-sp-d16 -mfloat-abi=hard -mthumb -u _printf_float -Wl,--start-group -lc -lm -Wl,--end-group
Finished building target: position_control_direct_coding.elf
 
arm-none-eabi-size  position_control_direct_coding.elf 
arm-none-eabi-objdump -h -S position_control_direct_coding.elf  > "position_control_direct_coding.list"
   text	   data	    bss	    dec	    hex	filename
  32744	    548	   2304	  35596	   8b0c	position_control_direct_coding.elf
Finished building: default.size.stdout
 
Finished building: position_control_direct_coding.list
 
16:54:15 **** Incremental Build of configuration Debug for project position_control_direct_coding ****
make -j20 all 
arm-none-eabi-gcc "../Core/Src/main.c" -mcpu=cortex-m4 -std=gnu11 -g3 -DDEBUG -DUSE_HAL_DRIVER -DSTM32F401xE -c -I../Core/Inc -I../Drivers/STM32F4xx_HAL_Driver/Inc -I../Drivers/STM32F4xx_HAL_Driver/Inc/Legacy -I../Drivers/CMSIS/Device/ST/STM32F4xx/Include -I../Drivers/CMSIS/Include -O0 -ffunction-sections -fdata-sections -Wall -fstack-usage -fcyclomatic-complexity -MMD -MP -MF"Core/Src/main.d" -MT"Core/Src/main.o" --specs=nano.specs -mfpu=fpv4-sp-d16 -mfloat-abi=hard -mthumb -o "Core/Src/main.o"
arm-none-eabi-gcc -o "position_control_direct_coding.elf" @"objects.list"   -mcpu=cortex-m4 -T"E:\edc\progetto\direct_coding\position_control_direct_coding\STM32F401RETX_FLASH.ld" --specs=nosys.specs -Wl,-Map="position_control_direct_coding.map" -Wl,--gc-sections -static --specs=nano.specs -mfpu=fpv4-sp-d16 -mfloat-abi=hard -mthumb -u _printf_float -Wl,--start-group -lc -lm -Wl,--end-group
Finished building target: position_control_direct_coding.elf
 
arm-none-eabi-size  position_control_direct_coding.elf 
arm-none-eabi-objdump -h -S position_control_direct_coding.elf  > "position_control_direct_coding.list"
   text	   data	    bss	    dec	    hex	filename
  32744	    548	   2304	  35596	   8b0c	position_control_direct_coding.elf
Finished building: default.size.stdout
 
Finished building: position_control_direct_coding.list
 
16:55:03 **** Incremental Build of configuration Debug for project position_control_direct_coding ****
make -j20 all 
arm-none-eabi-size  position_control_direct_coding.elf 
   text	   data	    bss	    dec	    hex	filename
  32744	    548	   2304	  35596	   8b0c	position_control_direct_coding.elf
Finished building: default.size.stdout
 
17:19:45 **** Incremental Build of configuration Debug for project position_control_direct_coding ****
make -j20 all 
arm-none-eabi-gcc "../Core/Src/main.c" -mcpu=cortex-m4 -std=gnu11 -g3 -DDEBUG -DUSE_HAL_DRIVER -DSTM32F401xE -c -I../Core/Inc -I../Drivers/STM32F4xx_HAL_Driver/Inc -I../Drivers/STM32F4xx_HAL_Driver/Inc/Legacy -I../Drivers/CMSIS/Device/ST/STM32F4xx/Include -I../Drivers/CMSIS/Include -O0 -ffunction-sections -fdata-sections -Wall -fstack-usage -fcyclomatic-complexity -MMD -MP -MF"Core/Src/main.d" -MT"Core/Src/main.o" --specs=nano.specs -mfpu=fpv4-sp-d16 -mfloat-abi=hard -mthumb -o "Core/Src/main.o"
arm-none-eabi-gcc -o "position_control_direct_coding.elf" @"objects.list"   -mcpu=cortex-m4 -T"E:\edc\progetto\direct_coding\position_control_direct_coding\STM32F401RETX_FLASH.ld" --specs=nosys.specs -Wl,-Map="position_control_direct_coding.map" -Wl,--gc-sections -static --specs=nano.specs -mfpu=fpv4-sp-d16 -mfloat-abi=hard -mthumb -u _printf_float -Wl,--start-group -lc -lm -Wl,--end-group
Finished building target: position_control_direct_coding.elf
 
arm-none-eabi-size  position_control_direct_coding.elf 
arm-none-eabi-objdump -h -S position_control_direct_coding.elf  > "position_control_direct_coding.list"
   text	   data	    bss	    dec	    hex	filename
  32744	    500	   2304	  35548	   8adc	position_control_direct_coding.elf
Finished building: default.size.stdout
 
Finished building: position_control_direct_coding.list
 
17:39:31 **** Incremental Build of configuration Debug for project position_control_direct_coding ****
make -j20 all 
arm-none-eabi-gcc "../Core/Src/main.c" -mcpu=cortex-m4 -std=gnu11 -g3 -DDEBUG -DUSE_HAL_DRIVER -DSTM32F401xE -c -I../Core/Inc -I../Drivers/STM32F4xx_HAL_Driver/Inc -I../Drivers/STM32F4xx_HAL_Driver/Inc/Legacy -I../Drivers/CMSIS/Device/ST/STM32F4xx/Include -I../Drivers/CMSIS/Include -O0 -ffunction-sections -fdata-sections -Wall -fstack-usage -fcyclomatic-complexity -MMD -MP -MF"Core/Src/main.d" -MT"Core/Src/main.o" --specs=nano.specs -mfpu=fpv4-sp-d16 -mfloat-abi=hard -mthumb -o "Core/Src/main.o"
../Core/Src/main.c:247:1: error: unknown type name 'RefValues'; use 'struct' keyword to refer to the type
  247 | RefValues getRef(double y, double real_ref) {
      | ^~~~~~~~~
      | struct 
../Core/Src/main.c: In function 'getRef':
../Core/Src/main.c:283:5: error: unknown type name 'RefValues'; use 'struct' keyword to refer to the type
  283 |     RefValues result;
      |     ^~~~~~~~~
      |     struct 
../Core/Src/main.c:284:11: error: request for member 'r' in something not a structure or union
  284 |     result.r = r;
      |           ^
../Core/Src/main.c:285:11: error: request for member 'fixed_part' in something not a structure or union
  285 |     result.fixed_part = fixed_part;
      |           ^
../Core/Src/main.c:286:11: error: request for member 'sign_part' in something not a structure or union
  286 |     result.sign_part = sign_part;
      |           ^
../Core/Src/main.c:287:11: error: request for member 'a' in something not a structure or union
  287 |     result.a = a;
      |           ^
../Core/Src/main.c:288:11: error: request for member 'b' in something not a structure or union
  288 |     result.b = b;
      |           ^
../Core/Src/main.c:289:11: error: request for member 'c' in something not a structure or union
  289 |     result.c = c;
      |           ^
../Core/Src/main.c:290:11: error: request for member 'ab' in something not a structure or union
  290 |     result.ab = ab;
      |           ^
../Core/Src/main.c:291:11: error: request for member 'bc' in something not a structure or union
  291 |     result.bc = bc;
      |           ^
../Core/Src/main.c: In function 'main':
../Core/Src/main.c:375:50: error: 'record' has no member named 'fixed_part'
  375 |                                         retrieved.fixed_part,
      |                                                  ^
../Core/Src/main.c:376:50: error: 'record' has no member named 'sign_part'
  376 |                                         retrieved.sign_part,
      |                                                  ^
../Core/Src/main.c:377:50: error: 'record' has no member named 'a'
  377 |                                         retrieved.a,
      |                                                  ^
../Core/Src/main.c:378:50: error: 'record' has no member named 'b'
  378 |                                         retrieved.b,
      |                                                  ^
../Core/Src/main.c:379:50: error: 'record' has no member named 'c'
  379 |                                         retrieved.c,
      |                                                  ^
../Core/Src/main.c:380:50: error: 'record' has no member named 'ab'
  380 |                                         retrieved.ab,
      |                                                  ^
../Core/Src/main.c:381:50: error: 'record' has no member named 'bc'
  381 |                                         retrieved.bc
      |                                                  ^
../Core/Src/main.c: In function 'HAL_TIM_PeriodElapsedCallback':
../Core/Src/main.c:659:17: error: unknown type name 'RefValues'; use 'struct' keyword to refer to the type
  659 |                 RefValues re = getRef(position, referenceVal);
      |                 ^~~~~~~~~
      |                 struct 
../Core/Src/main.c:660:39: error: request for member 'r' in something not a structure or union
  660 |                 double references = re.r;
      |                                       ^
../Core/Src/main.c:668:40: error: 'reference' undeclared (first use in this function); did you mean 'references'?
  668 |                 double e =  position - reference;
      |                                        ^~~~~~~~~
      |                                        references
../Core/Src/main.c:668:40: note: each undeclared identifier is reported only once for each function it appears in
../Core/Src/main.c:699:18: error: 'record' has no member named 'fixed_part'
  699 |                 r.fixed_part= re.fixed_part;
      |                  ^
../Core/Src/main.c:699:33: error: request for member 'fixed_part' in something not a structure or union
  699 |                 r.fixed_part= re.fixed_part;
      |                                 ^
../Core/Src/main.c:700:18: error: 'record' has no member named 'sign_part'
  700 |                 r.sign_part= re.sign_part;
      |                  ^
../Core/Src/main.c:700:32: error: request for member 'sign_part' in something not a structure or union
  700 |                 r.sign_part= re.sign_part;
      |                                ^
../Core/Src/main.c:701:18: error: 'record' has no member named 'fixead_part'
  701 |                 r.fixead_part= re.fixed_part;
      |                  ^
../Core/Src/main.c:701:34: error: request for member 'fixed_part' in something not a structure or union
  701 |                 r.fixead_part= re.fixed_part;
      |                                  ^
../Core/Src/main.c:702:18: error: 'record' has no member named 'a'
  702 |                 r.a= re.a;
      |                  ^
../Core/Src/main.c:702:24: error: request for member 'a' in something not a structure or union
  702 |                 r.a= re.a;
      |                        ^
../Core/Src/main.c:703:18: error: 'record' has no member named 'b'
  703 |                 r.b= re.b;
      |                  ^
../Core/Src/main.c:703:24: error: request for member 'b' in something not a structure or union
  703 |                 r.b= re.b;
      |                        ^
../Core/Src/main.c:704:18: error: 'record' has no member named 'c'
  704 |                 r.c= re.c;
      |                  ^
../Core/Src/main.c:704:24: error: request for member 'c' in something not a structure or union
  704 |                 r.c= re.c;
      |                        ^
../Core/Src/main.c:705:18: error: 'record' has no member named 'ab'
  705 |                 r.ab= re.ab;
      |                  ^
../Core/Src/main.c:705:25: error: request for member 'ab' in something not a structure or union
  705 |                 r.ab= re.ab;
      |                         ^
../Core/Src/main.c:706:18: error: 'record' has no member named 'bc'
  706 |                 r.bc= re.bc;
      |                  ^
../Core/Src/main.c:706:25: error: request for member 'bc' in something not a structure or union
  706 |                 r.bc= re.bc;
      |                         ^
../Core/Src/main.c:660:24: warning: unused variable 'references' [-Wunused-variable]
  660 |                 double references = re.r;
      |                        ^~~~~~~~~~
../Core/Src/main.c:659:27: warning: variable 're' set but not used [-Wunused-but-set-variable]
  659 |                 RefValues re = getRef(position, referenceVal);
      |                           ^~
make: *** [Core/Src/subdir.mk:34: Core/Src/main.o] Error 1
"make -j20 all" terminated with exit code 2. Build might be incomplete.
17:41:07 **** Incremental Build of configuration Debug for project position_control_direct_coding ****
make -j20 all 
arm-none-eabi-gcc "../Core/Src/main.c" -mcpu=cortex-m4 -std=gnu11 -g3 -DDEBUG -DUSE_HAL_DRIVER -DSTM32F401xE -c -I../Core/Inc -I../Drivers/STM32F4xx_HAL_Driver/Inc -I../Drivers/STM32F4xx_HAL_Driver/Inc/Legacy -I../Drivers/CMSIS/Device/ST/STM32F4xx/Include -I../Drivers/CMSIS/Include -O0 -ffunction-sections -fdata-sections -Wall -fstack-usage -fcyclomatic-complexity -MMD -MP -MF"Core/Src/main.d" -MT"Core/Src/main.o" --specs=nano.specs -mfpu=fpv4-sp-d16 -mfloat-abi=hard -mthumb -o "Core/Src/main.o"
../Core/Src/main.c:150:16: error: duplicate member 'b'
  150 |         double b;
      |                ^
../Core/Src/main.c:254:1: error: unknown type name 'RefValues'; use 'struct' keyword to refer to the type
  254 | RefValues getRef(double y, double real_ref) {
      | ^~~~~~~~~
      | struct 
../Core/Src/main.c: In function 'getRef':
../Core/Src/main.c:290:5: error: unknown type name 'RefValues'; use 'struct' keyword to refer to the type
  290 |     RefValues result;
      |     ^~~~~~~~~
      |     struct 
../Core/Src/main.c:291:11: error: request for member 'r' in something not a structure or union
  291 |     result.r = r;
      |           ^
../Core/Src/main.c:292:11: error: request for member 'fixed_part' in something not a structure or union
  292 |     result.fixed_part = fixed_part;
      |           ^
../Core/Src/main.c:293:11: error: request for member 'sign_part' in something not a structure or union
  293 |     result.sign_part = sign_part;
      |           ^
../Core/Src/main.c:294:11: error: request for member 'a' in something not a structure or union
  294 |     result.a = a;
      |           ^
../Core/Src/main.c:295:11: error: request for member 'b' in something not a structure or union
  295 |     result.b = b;
      |           ^
../Core/Src/main.c:296:11: error: request for member 'c' in something not a structure or union
  296 |     result.c = c;
      |           ^
../Core/Src/main.c:297:11: error: request for member 'ab' in something not a structure or union
  297 |     result.ab = ab;
      |           ^
../Core/Src/main.c:298:11: error: request for member 'bc' in something not a structure or union
  298 |     result.bc = bc;
      |           ^
../Core/Src/main.c: In function 'main':
../Core/Src/main.c:387:51: error: 'record' has no member named 'ab'; did you mean 'a'?
  387 |                                         retrieved.ab,
      |                                                   ^~
      |                                                   a
../Core/Src/main.c: In function 'HAL_TIM_PeriodElapsedCallback':
../Core/Src/main.c:666:17: error: unknown type name 'RefValues'; use 'struct' keyword to refer to the type
  666 |                 RefValues re = getRef(position, referenceVal);
      |                 ^~~~~~~~~
      |                 struct 
../Core/Src/main.c:667:39: error: request for member 'r' in something not a structure or union
  667 |                 double references = re.r;
      |                                       ^
../Core/Src/main.c:675:40: error: 'reference' undeclared (first use in this function); did you mean 'references'?
  675 |                 double e =  position - reference;
      |                                        ^~~~~~~~~
      |                                        references
../Core/Src/main.c:675:40: note: each undeclared identifier is reported only once for each function it appears in
../Core/Src/main.c:706:33: error: request for member 'fixed_part' in something not a structure or union
  706 |                 r.fixed_part= re.fixed_part;
      |                                 ^
../Core/Src/main.c:707:32: error: request for member 'sign_part' in something not a structure or union
  707 |                 r.sign_part= re.sign_part;
      |                                ^
../Core/Src/main.c:708:19: error: 'record' has no member named 'fixead_part'; did you mean 'fixed_part'?
  708 |                 r.fixead_part= re.fixed_part;
      |                   ^~~~~~~~~~~
      |                   fixed_part
../Core/Src/main.c:708:34: error: request for member 'fixed_part' in something not a structure or union
  708 |                 r.fixead_part= re.fixed_part;
      |                                  ^
../Core/Src/main.c:709:24: error: request for member 'a' in something not a structure or union
  709 |                 r.a= re.a;
      |                        ^
../Core/Src/main.c:710:24: error: request for member 'b' in something not a structure or union
  710 |                 r.b= re.b;
      |                        ^
../Core/Src/main.c:711:24: error: request for member 'c' in something not a structure or union
  711 |                 r.c= re.c;
      |                        ^
../Core/Src/main.c:712:19: error: 'record' has no member named 'ab'; did you mean 'a'?
  712 |                 r.ab= re.ab;
      |                   ^~
      |                   a
../Core/Src/main.c:712:25: error: request for member 'ab' in something not a structure or union
  712 |                 r.ab= re.ab;
      |                         ^
../Core/Src/main.c:713:25: error: request for member 'bc' in something not a structure or union
  713 |                 r.bc= re.bc;
      |                         ^
../Core/Src/main.c:667:24: warning: unused variable 'references' [-Wunused-variable]
  667 |                 double references = re.r;
      |                        ^~~~~~~~~~
../Core/Src/main.c:666:27: warning: variable 're' set but not used [-Wunused-but-set-variable]
  666 |                 RefValues re = getRef(position, referenceVal);
      |                           ^~
make: *** [Core/Src/subdir.mk:34: Core/Src/main.o] Error 1
"make -j20 all" terminated with exit code 2. Build might be incomplete.
17:41:23 **** Incremental Build of configuration Debug for project position_control_direct_coding ****
make -j20 all 
arm-none-eabi-gcc "../Core/Src/main.c" -mcpu=cortex-m4 -std=gnu11 -g3 -DDEBUG -DUSE_HAL_DRIVER -DSTM32F401xE -c -I../Core/Inc -I../Drivers/STM32F4xx_HAL_Driver/Inc -I../Drivers/STM32F4xx_HAL_Driver/Inc/Legacy -I../Drivers/CMSIS/Device/ST/STM32F4xx/Include -I../Drivers/CMSIS/Include -O0 -ffunction-sections -fdata-sections -Wall -fstack-usage -fcyclomatic-complexity -MMD -MP -MF"Core/Src/main.d" -MT"Core/Src/main.o" --specs=nano.specs -mfpu=fpv4-sp-d16 -mfloat-abi=hard -mthumb -o "Core/Src/main.o"
../Core/Src/main.c:254:1: error: unknown type name 'RefValues'; use 'struct' keyword to refer to the type
  254 | RefValues getRef(double y, double real_ref) {
      | ^~~~~~~~~
      | struct 
../Core/Src/main.c: In function 'getRef':
../Core/Src/main.c:290:5: error: unknown type name 'RefValues'; use 'struct' keyword to refer to the type
  290 |     RefValues result;
      |     ^~~~~~~~~
      |     struct 
../Core/Src/main.c:291:11: error: request for member 'r' in something not a structure or union
  291 |     result.r = r;
      |           ^
../Core/Src/main.c:292:11: error: request for member 'fixed_part' in something not a structure or union
  292 |     result.fixed_part = fixed_part;
      |           ^
../Core/Src/main.c:293:11: error: request for member 'sign_part' in something not a structure or union
  293 |     result.sign_part = sign_part;
      |           ^
../Core/Src/main.c:294:11: error: request for member 'a' in something not a structure or union
  294 |     result.a = a;
      |           ^
../Core/Src/main.c:295:11: error: request for member 'b' in something not a structure or union
  295 |     result.b = b;
      |           ^
../Core/Src/main.c:296:11: error: request for member 'c' in something not a structure or union
  296 |     result.c = c;
      |           ^
../Core/Src/main.c:297:11: error: request for member 'ab' in something not a structure or union
  297 |     result.ab = ab;
      |           ^
../Core/Src/main.c:298:11: error: request for member 'bc' in something not a structure or union
  298 |     result.bc = bc;
      |           ^
../Core/Src/main.c: In function 'main':
../Core/Src/main.c:371:32: warning: too many arguments for format [-Wformat-extra-args]
  371 |                         printf("%lu, %f, %f, %f, %f, %f, %lu, %lu\n\r",
      |                                ^~~~~~~~~~~~~~~~~~~~~~~~~~~~~~~~~~~~~~~
../Core/Src/main.c: In function 'HAL_TIM_PeriodElapsedCallback':
../Core/Src/main.c:666:17: error: unknown type name 'RefValues'; use 'struct' keyword to refer to the type
  666 |                 RefValues re = getRef(position, referenceVal);
      |                 ^~~~~~~~~
      |                 struct 
../Core/Src/main.c:667:39: error: request for member 'r' in something not a structure or union
  667 |                 double references = re.r;
      |                                       ^
../Core/Src/main.c:675:40: error: 'reference' undeclared (first use in this function); did you mean 'references'?
  675 |                 double e =  position - reference;
      |                                        ^~~~~~~~~
      |                                        references
../Core/Src/main.c:675:40: note: each undeclared identifier is reported only once for each function it appears in
../Core/Src/main.c:706:33: error: request for member 'fixed_part' in something not a structure or union
  706 |                 r.fixed_part= re.fixed_part;
      |                                 ^
../Core/Src/main.c:707:32: error: request for member 'sign_part' in something not a structure or union
  707 |                 r.sign_part= re.sign_part;
      |                                ^
../Core/Src/main.c:708:19: error: 'record' has no member named 'fixead_part'; did you mean 'fixed_part'?
  708 |                 r.fixead_part= re.fixed_part;
      |                   ^~~~~~~~~~~
      |                   fixed_part
../Core/Src/main.c:708:34: error: request for member 'fixed_part' in something not a structure or union
  708 |                 r.fixead_part= re.fixed_part;
      |                                  ^
../Core/Src/main.c:709:24: error: request for member 'a' in something not a structure or union
  709 |                 r.a= re.a;
      |                        ^
../Core/Src/main.c:710:24: error: request for member 'b' in something not a structure or union
  710 |                 r.b= re.b;
      |                        ^
../Core/Src/main.c:711:24: error: request for member 'c' in something not a structure or union
  711 |                 r.c= re.c;
      |                        ^
../Core/Src/main.c:712:25: error: request for member 'ab' in something not a structure or union
  712 |                 r.ab= re.ab;
      |                         ^
../Core/Src/main.c:713:25: error: request for member 'bc' in something not a structure or union
  713 |                 r.bc= re.bc;
      |                         ^
../Core/Src/main.c:667:24: warning: unused variable 'references' [-Wunused-variable]
  667 |                 double references = re.r;
      |                        ^~~~~~~~~~
../Core/Src/main.c:666:27: warning: variable 're' set but not used [-Wunused-but-set-variable]
  666 |                 RefValues re = getRef(position, referenceVal);
      |                           ^~
make: *** [Core/Src/subdir.mk:34: Core/Src/main.o] Error 1
"make -j20 all" terminated with exit code 2. Build might be incomplete.
17:42:53 **** Incremental Build of configuration Debug for project position_control_direct_coding ****
make -j20 all 
arm-none-eabi-gcc "../Core/Src/main.c" -mcpu=cortex-m4 -std=gnu11 -g3 -DDEBUG -DUSE_HAL_DRIVER -DSTM32F401xE -c -I../Core/Inc -I../Drivers/STM32F4xx_HAL_Driver/Inc -I../Drivers/STM32F4xx_HAL_Driver/Inc/Legacy -I../Drivers/CMSIS/Device/ST/STM32F4xx/Include -I../Drivers/CMSIS/Include -O0 -ffunction-sections -fdata-sections -Wall -fstack-usage -fcyclomatic-complexity -MMD -MP -MF"Core/Src/main.d" -MT"Core/Src/main.o" --specs=nano.specs -mfpu=fpv4-sp-d16 -mfloat-abi=hard -mthumb -o "Core/Src/main.o"
../Core/Src/main.c: In function 'main':
../Core/Src/main.c:371:32: warning: too many arguments for format [-Wformat-extra-args]
  371 |                         printf("%lu, %f, %f, %f, %f, %f, %lu, %lu\n\r",
      |                                ^~~~~~~~~~~~~~~~~~~~~~~~~~~~~~~~~~~~~~~
../Core/Src/main.c: In function 'HAL_TIM_PeriodElapsedCallback':
../Core/Src/main.c:675:40: error: 'reference' undeclared (first use in this function); did you mean 'references'?
  675 |                 double e =  position - reference;
      |                                        ^~~~~~~~~
      |                                        references
../Core/Src/main.c:675:40: note: each undeclared identifier is reported only once for each function it appears in
../Core/Src/main.c:708:19: error: 'record' has no member named 'fixead_part'; did you mean 'fixed_part'?
  708 |                 r.fixead_part= re.fixed_part;
      |                   ^~~~~~~~~~~
      |                   fixed_part
../Core/Src/main.c:667:24: warning: unused variable 'references' [-Wunused-variable]
  667 |                 double references = re.r;
      |                        ^~~~~~~~~~
make: *** [Core/Src/subdir.mk:34: Core/Src/main.o] Error 1
"make -j20 all" terminated with exit code 2. Build might be incomplete.
17:44:16 **** Incremental Build of configuration Debug for project position_control_direct_coding ****
make -j20 all 
arm-none-eabi-gcc "../Core/Src/main.c" -mcpu=cortex-m4 -std=gnu11 -g3 -DDEBUG -DUSE_HAL_DRIVER -DSTM32F401xE -c -I../Core/Inc -I../Drivers/STM32F4xx_HAL_Driver/Inc -I../Drivers/STM32F4xx_HAL_Driver/Inc/Legacy -I../Drivers/CMSIS/Device/ST/STM32F4xx/Include -I../Drivers/CMSIS/Include -O0 -ffunction-sections -fdata-sections -Wall -fstack-usage -fcyclomatic-complexity -MMD -MP -MF"Core/Src/main.d" -MT"Core/Src/main.o" --specs=nano.specs -mfpu=fpv4-sp-d16 -mfloat-abi=hard -mthumb -o "Core/Src/main.o"
../Core/Src/main.c: In function 'HAL_TIM_PeriodElapsedCallback':
../Core/Src/main.c:675:40: error: 'reference' undeclared (first use in this function); did you mean 'references'?
  675 |                 double e =  position - reference;
      |                                        ^~~~~~~~~
      |                                        references
../Core/Src/main.c:675:40: note: each undeclared identifier is reported only once for each function it appears in
../Core/Src/main.c:667:24: warning: unused variable 'references' [-Wunused-variable]
  667 |                 double references = re.r;
      |                        ^~~~~~~~~~
make: *** [Core/Src/subdir.mk:34: Core/Src/main.o] Error 1
"make -j20 all" terminated with exit code 2. Build might be incomplete.
17:44:29 **** Incremental Build of configuration Debug for project position_control_direct_coding ****
make -j20 all 
arm-none-eabi-gcc "../Core/Src/main.c" -mcpu=cortex-m4 -std=gnu11 -g3 -DDEBUG -DUSE_HAL_DRIVER -DSTM32F401xE -c -I../Core/Inc -I../Drivers/STM32F4xx_HAL_Driver/Inc -I../Drivers/STM32F4xx_HAL_Driver/Inc/Legacy -I../Drivers/CMSIS/Device/ST/STM32F4xx/Include -I../Drivers/CMSIS/Include -O0 -ffunction-sections -fdata-sections -Wall -fstack-usage -fcyclomatic-complexity -MMD -MP -MF"Core/Src/main.d" -MT"Core/Src/main.o" --specs=nano.specs -mfpu=fpv4-sp-d16 -mfloat-abi=hard -mthumb -o "Core/Src/main.o"
arm-none-eabi-gcc -o "position_control_direct_coding.elf" @"objects.list"   -mcpu=cortex-m4 -T"E:\edc\progetto\direct_coding\position_control_direct_coding\STM32F401RETX_FLASH.ld" --specs=nosys.specs -Wl,-Map="position_control_direct_coding.map" -Wl,--gc-sections -static --specs=nano.specs -mfpu=fpv4-sp-d16 -mfloat-abi=hard -mthumb -u _printf_float -Wl,--start-group -lc -lm -Wl,--end-group
Finished building target: position_control_direct_coding.elf
 
arm-none-eabi-size  position_control_direct_coding.elf 
arm-none-eabi-objdump -h -S position_control_direct_coding.elf  > "position_control_direct_coding.list"
   text	   data	    bss	    dec	    hex	filename
  33016	    500	   2304	  35820	   8bec	position_control_direct_coding.elf
Finished building: default.size.stdout
 
Finished building: position_control_direct_coding.list
 
17:46:01 **** Incremental Build of configuration Debug for project position_control_direct_coding ****
make -j20 all 
arm-none-eabi-size  position_control_direct_coding.elf 
   text	   data	    bss	    dec	    hex	filename
  33016	    500	   2304	  35820	   8bec	position_control_direct_coding.elf
Finished building: default.size.stdout
 
20:30:46 **** Incremental Build of configuration Debug for project position_control_direct_coding ****
make -j20 all 
arm-none-eabi-size  position_control_direct_coding.elf 
   text	   data	    bss	    dec	    hex	filename
  33016	    500	   2304	  35820	   8bec	position_control_direct_coding.elf
Finished building: default.size.stdout
 
20:31:26 **** Incremental Build of configuration Debug for project position_control_direct_coding ****
make -j20 all 
arm-none-eabi-size  position_control_direct_coding.elf 
   text	   data	    bss	    dec	    hex	filename
  33016	    500	   2304	  35820	   8bec	position_control_direct_coding.elf
Finished building: default.size.stdout
 
20:37:54 **** Incremental Build of configuration Debug for project position_control_direct_coding ****
make -j20 all 
arm-none-eabi-size  position_control_direct_coding.elf 
   text	   data	    bss	    dec	    hex	filename
  33016	    500	   2304	  35820	   8bec	position_control_direct_coding.elf
Finished building: default.size.stdout
 
20:44:07 **** Incremental Build of configuration Debug for project position_control_direct_coding ****
make -j20 all 
arm-none-eabi-gcc "../Core/Src/main.c" -mcpu=cortex-m4 -std=gnu11 -g3 -DDEBUG -DUSE_HAL_DRIVER -DSTM32F401xE -c -I../Core/Inc -I../Drivers/STM32F4xx_HAL_Driver/Inc -I../Drivers/STM32F4xx_HAL_Driver/Inc/Legacy -I../Drivers/CMSIS/Device/ST/STM32F4xx/Include -I../Drivers/CMSIS/Include -O0 -ffunction-sections -fdata-sections -Wall -fstack-usage -fcyclomatic-complexity -MMD -MP -MF"Core/Src/main.d" -MT"Core/Src/main.o" --specs=nano.specs -mfpu=fpv4-sp-d16 -mfloat-abi=hard -mthumb -o "Core/Src/main.o"
arm-none-eabi-gcc -o "position_control_direct_coding.elf" @"objects.list"   -mcpu=cortex-m4 -T"E:\edc\progetto\direct_coding\position_control_direct_coding\STM32F401RETX_FLASH.ld" --specs=nosys.specs -Wl,-Map="position_control_direct_coding.map" -Wl,--gc-sections -static --specs=nano.specs -mfpu=fpv4-sp-d16 -mfloat-abi=hard -mthumb -u _printf_float -Wl,--start-group -lc -lm -Wl,--end-group
Finished building target: position_control_direct_coding.elf
 
arm-none-eabi-size  position_control_direct_coding.elf 
arm-none-eabi-objdump -h -S position_control_direct_coding.elf  > "position_control_direct_coding.list"
   text	   data	    bss	    dec	    hex	filename
  33144	    500	   2304	  35948	   8c6c	position_control_direct_coding.elf
Finished building: default.size.stdout
 
Finished building: position_control_direct_coding.list
 
21:08:17 **** Incremental Build of configuration Debug for project position_control_direct_coding ****
make -j20 all 
arm-none-eabi-gcc "../Core/Src/main.c" -mcpu=cortex-m4 -std=gnu11 -g3 -DDEBUG -DUSE_HAL_DRIVER -DSTM32F401xE -c -I../Core/Inc -I../Drivers/STM32F4xx_HAL_Driver/Inc -I../Drivers/STM32F4xx_HAL_Driver/Inc/Legacy -I../Drivers/CMSIS/Device/ST/STM32F4xx/Include -I../Drivers/CMSIS/Include -O0 -ffunction-sections -fdata-sections -Wall -fstack-usage -fcyclomatic-complexity -MMD -MP -MF"Core/Src/main.d" -MT"Core/Src/main.o" --specs=nano.specs -mfpu=fpv4-sp-d16 -mfloat-abi=hard -mthumb -o "Core/Src/main.o"
arm-none-eabi-gcc -o "position_control_direct_coding.elf" @"objects.list"   -mcpu=cortex-m4 -T"E:\edc\progetto\direct_coding\position_control_direct_coding\STM32F401RETX_FLASH.ld" --specs=nosys.specs -Wl,-Map="position_control_direct_coding.map" -Wl,--gc-sections -static --specs=nano.specs -mfpu=fpv4-sp-d16 -mfloat-abi=hard -mthumb -u _printf_float -Wl,--start-group -lc -lm -Wl,--end-group
Finished building target: position_control_direct_coding.elf
 
arm-none-eabi-size  position_control_direct_coding.elf 
arm-none-eabi-objdump -h -S position_control_direct_coding.elf  > "position_control_direct_coding.list"
   text	   data	    bss	    dec	    hex	filename
  33400	    500	   2304	  36204	   8d6c	position_control_direct_coding.elf
Finished building: default.size.stdout
 
Finished building: position_control_direct_coding.list
 
21:08:45 **** Incremental Build of configuration Debug for project position_control_direct_coding ****
make -j20 all 
arm-none-eabi-size  position_control_direct_coding.elf 
   text	   data	    bss	    dec	    hex	filename
  33400	    500	   2304	  36204	   8d6c	position_control_direct_coding.elf
Finished building: default.size.stdout
 
21:10:31 **** Incremental Build of configuration Debug for project position_control_direct_coding ****
make -j20 all 
arm-none-eabi-size  position_control_direct_coding.elf 
   text	   data	    bss	    dec	    hex	filename
  33400	    500	   2304	  36204	   8d6c	position_control_direct_coding.elf
Finished building: default.size.stdout
 
21:11:12 **** Incremental Build of configuration Debug for project position_control_direct_coding ****
make -j20 all 
arm-none-eabi-gcc "../Core/Src/main.c" -mcpu=cortex-m4 -std=gnu11 -g3 -DDEBUG -DUSE_HAL_DRIVER -DSTM32F401xE -c -I../Core/Inc -I../Drivers/STM32F4xx_HAL_Driver/Inc -I../Drivers/STM32F4xx_HAL_Driver/Inc/Legacy -I../Drivers/CMSIS/Device/ST/STM32F4xx/Include -I../Drivers/CMSIS/Include -O0 -ffunction-sections -fdata-sections -Wall -fstack-usage -fcyclomatic-complexity -MMD -MP -MF"Core/Src/main.d" -MT"Core/Src/main.o" --specs=nano.specs -mfpu=fpv4-sp-d16 -mfloat-abi=hard -mthumb -o "Core/Src/main.o"
arm-none-eabi-gcc -o "position_control_direct_coding.elf" @"objects.list"   -mcpu=cortex-m4 -T"E:\edc\progetto\direct_coding\position_control_direct_coding\STM32F401RETX_FLASH.ld" --specs=nosys.specs -Wl,-Map="position_control_direct_coding.map" -Wl,--gc-sections -static --specs=nano.specs -mfpu=fpv4-sp-d16 -mfloat-abi=hard -mthumb -u _printf_float -Wl,--start-group -lc -lm -Wl,--end-group
Finished building target: position_control_direct_coding.elf
 
arm-none-eabi-size  position_control_direct_coding.elf 
arm-none-eabi-objdump -h -S position_control_direct_coding.elf  > "position_control_direct_coding.list"
   text	   data	    bss	    dec	    hex	filename
  33144	    500	   2304	  35948	   8c6c	position_control_direct_coding.elf
Finished building: default.size.stdout
 
Finished building: position_control_direct_coding.list
 
21:15:53 **** Incremental Build of configuration Debug for project position_control_direct_coding ****
make -j20 all 
arm-none-eabi-gcc "../Core/Src/main.c" -mcpu=cortex-m4 -std=gnu11 -g3 -DDEBUG -DUSE_HAL_DRIVER -DSTM32F401xE -c -I../Core/Inc -I../Drivers/STM32F4xx_HAL_Driver/Inc -I../Drivers/STM32F4xx_HAL_Driver/Inc/Legacy -I../Drivers/CMSIS/Device/ST/STM32F4xx/Include -I../Drivers/CMSIS/Include -O0 -ffunction-sections -fdata-sections -Wall -fstack-usage -fcyclomatic-complexity -MMD -MP -MF"Core/Src/main.d" -MT"Core/Src/main.o" --specs=nano.specs -mfpu=fpv4-sp-d16 -mfloat-abi=hard -mthumb -o "Core/Src/main.o"
../Core/Src/main.c: In function 'getRef':
../Core/Src/main.c:310:11: warning: statement with no effect [-Wunused-value]
  310 |     result.result_y;
      |     ~~~~~~^~~~~~~~~
../Core/Src/main.c:311:11: warning: statement with no effect [-Wunused-value]
  311 |     result.real_ref;
      |     ~~~~~~^~~~~~~~~
../Core/Src/main.c: In function 'HAL_TIM_PeriodElapsedCallback':
../Core/Src/main.c:733:23: error: 'refValues' has no member named 'y'
  733 |                 r.y=re.y;
      |                       ^
../Core/Src/main.c:734:31: error: 'real_ref' undeclared (first use in this function)
  734 |                 r.real_ref=re-real_ref;
      |                               ^~~~~~~~
../Core/Src/main.c:734:31: note: each undeclared identifier is reported only once for each function it appears in
make: *** [Core/Src/subdir.mk:34: Core/Src/main.o] Error 1
"make -j20 all" terminated with exit code 2. Build might be incomplete.
21:17:06 **** Incremental Build of configuration Debug for project position_control_direct_coding ****
make -j20 all 
arm-none-eabi-gcc "../Core/Src/main.c" -mcpu=cortex-m4 -std=gnu11 -g3 -DDEBUG -DUSE_HAL_DRIVER -DSTM32F401xE -c -I../Core/Inc -I../Drivers/STM32F4xx_HAL_Driver/Inc -I../Drivers/STM32F4xx_HAL_Driver/Inc/Legacy -I../Drivers/CMSIS/Device/ST/STM32F4xx/Include -I../Drivers/CMSIS/Include -O0 -ffunction-sections -fdata-sections -Wall -fstack-usage -fcyclomatic-complexity -MMD -MP -MF"Core/Src/main.d" -MT"Core/Src/main.o" --specs=nano.specs -mfpu=fpv4-sp-d16 -mfloat-abi=hard -mthumb -o "Core/Src/main.o"
arm-none-eabi-gcc -o "position_control_direct_coding.elf" @"objects.list"   -mcpu=cortex-m4 -T"E:\edc\progetto\direct_coding\position_control_direct_coding\STM32F401RETX_FLASH.ld" --specs=nosys.specs -Wl,-Map="position_control_direct_coding.map" -Wl,--gc-sections -static --specs=nano.specs -mfpu=fpv4-sp-d16 -mfloat-abi=hard -mthumb -u _printf_float -Wl,--start-group -lc -lm -Wl,--end-group
Finished building target: position_control_direct_coding.elf
 
arm-none-eabi-size  position_control_direct_coding.elf 
arm-none-eabi-objdump -h -S position_control_direct_coding.elf  > "position_control_direct_coding.list"
   text	   data	    bss	    dec	    hex	filename
  33240	    500	   2304	  36044	   8ccc	position_control_direct_coding.elf
Finished building: default.size.stdout
 
Finished building: position_control_direct_coding.list
 
21:19:24 **** Incremental Build of configuration Debug for project position_control_direct_coding ****
make -j20 all 
arm-none-eabi-gcc "../Core/Src/main.c" -mcpu=cortex-m4 -std=gnu11 -g3 -DDEBUG -DUSE_HAL_DRIVER -DSTM32F401xE -c -I../Core/Inc -I../Drivers/STM32F4xx_HAL_Driver/Inc -I../Drivers/STM32F4xx_HAL_Driver/Inc/Legacy -I../Drivers/CMSIS/Device/ST/STM32F4xx/Include -I../Drivers/CMSIS/Include -O0 -ffunction-sections -fdata-sections -Wall -fstack-usage -fcyclomatic-complexity -MMD -MP -MF"Core/Src/main.d" -MT"Core/Src/main.o" --specs=nano.specs -mfpu=fpv4-sp-d16 -mfloat-abi=hard -mthumb -o "Core/Src/main.o"
arm-none-eabi-gcc -o "position_control_direct_coding.elf" @"objects.list"   -mcpu=cortex-m4 -T"E:\edc\progetto\direct_coding\position_control_direct_coding\STM32F401RETX_FLASH.ld" --specs=nosys.specs -Wl,-Map="position_control_direct_coding.map" -Wl,--gc-sections -static --specs=nano.specs -mfpu=fpv4-sp-d16 -mfloat-abi=hard -mthumb -u _printf_float -Wl,--start-group -lc -lm -Wl,--end-group
Finished building target: position_control_direct_coding.elf
 
arm-none-eabi-size  position_control_direct_coding.elf 
arm-none-eabi-objdump -h -S position_control_direct_coding.elf  > "position_control_direct_coding.list"
   text	   data	    bss	    dec	    hex	filename
  33288	    500	   2304	  36092	   8cfc	position_control_direct_coding.elf
Finished building: default.size.stdout
 
Finished building: position_control_direct_coding.list
 
21:24:05 **** Incremental Build of configuration Debug for project position_control_direct_coding ****
make -j20 all 
arm-none-eabi-gcc "../Core/Src/main.c" -mcpu=cortex-m4 -std=gnu11 -g3 -DDEBUG -DUSE_HAL_DRIVER -DSTM32F401xE -c -I../Core/Inc -I../Drivers/STM32F4xx_HAL_Driver/Inc -I../Drivers/STM32F4xx_HAL_Driver/Inc/Legacy -I../Drivers/CMSIS/Device/ST/STM32F4xx/Include -I../Drivers/CMSIS/Include -O0 -ffunction-sections -fdata-sections -Wall -fstack-usage -fcyclomatic-complexity -MMD -MP -MF"Core/Src/main.d" -MT"Core/Src/main.o" --specs=nano.specs -mfpu=fpv4-sp-d16 -mfloat-abi=hard -mthumb -o "Core/Src/main.o"
arm-none-eabi-gcc -o "position_control_direct_coding.elf" @"objects.list"   -mcpu=cortex-m4 -T"E:\edc\progetto\direct_coding\position_control_direct_coding\STM32F401RETX_FLASH.ld" --specs=nosys.specs -Wl,-Map="position_control_direct_coding.map" -Wl,--gc-sections -static --specs=nano.specs -mfpu=fpv4-sp-d16 -mfloat-abi=hard -mthumb -u _printf_float -Wl,--start-group -lc -lm -Wl,--end-group
Finished building target: position_control_direct_coding.elf
 
arm-none-eabi-size  position_control_direct_coding.elf 
arm-none-eabi-objdump -h -S position_control_direct_coding.elf  > "position_control_direct_coding.list"
   text	   data	    bss	    dec	    hex	filename
  32924	    500	   2304	  35728	   8b90	position_control_direct_coding.elf
Finished building: default.size.stdout
 
Finished building: position_control_direct_coding.list
 
21:26:11 **** Incremental Build of configuration Debug for project position_control_direct_coding ****
make -j20 all 
arm-none-eabi-gcc "../Core/Src/main.c" -mcpu=cortex-m4 -std=gnu11 -g3 -DDEBUG -DUSE_HAL_DRIVER -DSTM32F401xE -c -I../Core/Inc -I../Drivers/STM32F4xx_HAL_Driver/Inc -I../Drivers/STM32F4xx_HAL_Driver/Inc/Legacy -I../Drivers/CMSIS/Device/ST/STM32F4xx/Include -I../Drivers/CMSIS/Include -O0 -ffunction-sections -fdata-sections -Wall -fstack-usage -fcyclomatic-complexity -MMD -MP -MF"Core/Src/main.d" -MT"Core/Src/main.o" --specs=nano.specs -mfpu=fpv4-sp-d16 -mfloat-abi=hard -mthumb -o "Core/Src/main.o"
arm-none-eabi-gcc -o "position_control_direct_coding.elf" @"objects.list"   -mcpu=cortex-m4 -T"E:\edc\progetto\direct_coding\position_control_direct_coding\STM32F401RETX_FLASH.ld" --specs=nosys.specs -Wl,-Map="position_control_direct_coding.map" -Wl,--gc-sections -static --specs=nano.specs -mfpu=fpv4-sp-d16 -mfloat-abi=hard -mthumb -u _printf_float -Wl,--start-group -lc -lm -Wl,--end-group
Finished building target: position_control_direct_coding.elf
 
arm-none-eabi-size  position_control_direct_coding.elf 
arm-none-eabi-objdump -h -S position_control_direct_coding.elf  > "position_control_direct_coding.list"
   text	   data	    bss	    dec	    hex	filename
  33204	    500	   2304	  36008	   8ca8	position_control_direct_coding.elf
Finished building: default.size.stdout
 
Finished building: position_control_direct_coding.list
 
21:27:11 **** Incremental Build of configuration Debug for project position_control_direct_coding ****
make -j20 all 
arm-none-eabi-gcc "../Core/Src/main.c" -mcpu=cortex-m4 -std=gnu11 -g3 -DDEBUG -DUSE_HAL_DRIVER -DSTM32F401xE -c -I../Core/Inc -I../Drivers/STM32F4xx_HAL_Driver/Inc -I../Drivers/STM32F4xx_HAL_Driver/Inc/Legacy -I../Drivers/CMSIS/Device/ST/STM32F4xx/Include -I../Drivers/CMSIS/Include -O0 -ffunction-sections -fdata-sections -Wall -fstack-usage -fcyclomatic-complexity -MMD -MP -MF"Core/Src/main.d" -MT"Core/Src/main.o" --specs=nano.specs -mfpu=fpv4-sp-d16 -mfloat-abi=hard -mthumb -o "Core/Src/main.o"
arm-none-eabi-gcc -o "position_control_direct_coding.elf" @"objects.list"   -mcpu=cortex-m4 -T"E:\edc\progetto\direct_coding\position_control_direct_coding\STM32F401RETX_FLASH.ld" --specs=nosys.specs -Wl,-Map="position_control_direct_coding.map" -Wl,--gc-sections -static --specs=nano.specs -mfpu=fpv4-sp-d16 -mfloat-abi=hard -mthumb -u _printf_float -Wl,--start-group -lc -lm -Wl,--end-group
Finished building target: position_control_direct_coding.elf
 
arm-none-eabi-size  position_control_direct_coding.elf 
arm-none-eabi-objdump -h -S position_control_direct_coding.elf  > "position_control_direct_coding.list"
   text	   data	    bss	    dec	    hex	filename
  32980	    500	   2304	  35784	   8bc8	position_control_direct_coding.elf
Finished building: default.size.stdout
 
Finished building: position_control_direct_coding.list
 
21:30:24 **** Incremental Build of configuration Debug for project position_control_direct_coding ****
make -j20 all 
arm-none-eabi-gcc "../Core/Src/main.c" -mcpu=cortex-m4 -std=gnu11 -g3 -DDEBUG -DUSE_HAL_DRIVER -DSTM32F401xE -c -I../Core/Inc -I../Drivers/STM32F4xx_HAL_Driver/Inc -I../Drivers/STM32F4xx_HAL_Driver/Inc/Legacy -I../Drivers/CMSIS/Device/ST/STM32F4xx/Include -I../Drivers/CMSIS/Include -O0 -ffunction-sections -fdata-sections -Wall -fstack-usage -fcyclomatic-complexity -MMD -MP -MF"Core/Src/main.d" -MT"Core/Src/main.o" --specs=nano.specs -mfpu=fpv4-sp-d16 -mfloat-abi=hard -mthumb -o "Core/Src/main.o"
arm-none-eabi-gcc -o "position_control_direct_coding.elf" @"objects.list"   -mcpu=cortex-m4 -T"E:\edc\progetto\direct_coding\position_control_direct_coding\STM32F401RETX_FLASH.ld" --specs=nosys.specs -Wl,-Map="position_control_direct_coding.map" -Wl,--gc-sections -static --specs=nano.specs -mfpu=fpv4-sp-d16 -mfloat-abi=hard -mthumb -u _printf_float -Wl,--start-group -lc -lm -Wl,--end-group
Finished building target: position_control_direct_coding.elf
 
arm-none-eabi-size  position_control_direct_coding.elf 
arm-none-eabi-objdump -h -S position_control_direct_coding.elf  > "position_control_direct_coding.list"
   text	   data	    bss	    dec	    hex	filename
  32852	    500	   2304	  35656	   8b48	position_control_direct_coding.elf
Finished building: default.size.stdout
 
Finished building: position_control_direct_coding.list
 
21:32:57 **** Incremental Build of configuration Debug for project position_control_direct_coding ****
make -j20 all 
arm-none-eabi-size  position_control_direct_coding.elf 
   text	   data	    bss	    dec	    hex	filename
  32852	    500	   2304	  35656	   8b48	position_control_direct_coding.elf
Finished building: default.size.stdout
 
21:33:54 **** Incremental Build of configuration Debug for project position_control_direct_coding ****
make -j20 all 
arm-none-eabi-size  position_control_direct_coding.elf 
   text	   data	    bss	    dec	    hex	filename
  32852	    500	   2304	  35656	   8b48	position_control_direct_coding.elf
Finished building: default.size.stdout
 
21:42:17 **** Incremental Build of configuration Debug for project position_control_direct_coding ****
make -j20 all 
arm-none-eabi-gcc "../Core/Src/main.c" -mcpu=cortex-m4 -std=gnu11 -g3 -DDEBUG -DUSE_HAL_DRIVER -DSTM32F401xE -c -I../Core/Inc -I../Drivers/STM32F4xx_HAL_Driver/Inc -I../Drivers/STM32F4xx_HAL_Driver/Inc/Legacy -I../Drivers/CMSIS/Device/ST/STM32F4xx/Include -I../Drivers/CMSIS/Include -O0 -ffunction-sections -fdata-sections -Wall -fstack-usage -fcyclomatic-complexity -MMD -MP -MF"Core/Src/main.d" -MT"Core/Src/main.o" --specs=nano.specs -mfpu=fpv4-sp-d16 -mfloat-abi=hard -mthumb -o "Core/Src/main.o"
../Core/Src/main.c: In function 'getRef':
../Core/Src/main.c:297:8: warning: 'r' is used uninitialized [-Wuninitialized]
  297 |     if (r != 0 || r != M_PI) {
      |        ^
../Core/Src/main.c:273:34: note: 'r' was declared here
  273 |     double c, ab, bc, sign_part, r;
      |                                  ^
arm-none-eabi-gcc -o "position_control_direct_coding.elf" @"objects.list"   -mcpu=cortex-m4 -T"E:\edc\progetto\direct_coding\position_control_direct_coding\STM32F401RETX_FLASH.ld" --specs=nosys.specs -Wl,-Map="position_control_direct_coding.map" -Wl,--gc-sections -static --specs=nano.specs -mfpu=fpv4-sp-d16 -mfloat-abi=hard -mthumb -u _printf_float -Wl,--start-group -lc -lm -Wl,--end-group
Finished building target: position_control_direct_coding.elf
 
arm-none-eabi-size  position_control_direct_coding.elf 
arm-none-eabi-objdump -h -S position_control_direct_coding.elf  > "position_control_direct_coding.list"
   text	   data	    bss	    dec	    hex	filename
  32924	    500	   2304	  35728	   8b90	position_control_direct_coding.elf
Finished building: default.size.stdout
 
Finished building: position_control_direct_coding.list
 
21:43:32 **** Incremental Build of configuration Debug for project position_control_direct_coding ****
make -j20 all 
arm-none-eabi-gcc "../Core/Src/main.c" -mcpu=cortex-m4 -std=gnu11 -g3 -DDEBUG -DUSE_HAL_DRIVER -DSTM32F401xE -c -I../Core/Inc -I../Drivers/STM32F4xx_HAL_Driver/Inc -I../Drivers/STM32F4xx_HAL_Driver/Inc/Legacy -I../Drivers/CMSIS/Device/ST/STM32F4xx/Include -I../Drivers/CMSIS/Include -O0 -ffunction-sections -fdata-sections -Wall -fstack-usage -fcyclomatic-complexity -MMD -MP -MF"Core/Src/main.d" -MT"Core/Src/main.o" --specs=nano.specs -mfpu=fpv4-sp-d16 -mfloat-abi=hard -mthumb -o "Core/Src/main.o"
arm-none-eabi-gcc -o "position_control_direct_coding.elf" @"objects.list"   -mcpu=cortex-m4 -T"E:\edc\progetto\direct_coding\position_control_direct_coding\STM32F401RETX_FLASH.ld" --specs=nosys.specs -Wl,-Map="position_control_direct_coding.map" -Wl,--gc-sections -static --specs=nano.specs -mfpu=fpv4-sp-d16 -mfloat-abi=hard -mthumb -u _printf_float -Wl,--start-group -lc -lm -Wl,--end-group
Finished building target: position_control_direct_coding.elf
 
arm-none-eabi-size  position_control_direct_coding.elf 
arm-none-eabi-objdump -h -S position_control_direct_coding.elf  > "position_control_direct_coding.list"
   text	   data	    bss	    dec	    hex	filename
  32924	    500	   2304	  35728	   8b90	position_control_direct_coding.elf
Finished building: default.size.stdout
 
Finished building: position_control_direct_coding.list
 
21:44:34 **** Incremental Build of configuration Debug for project position_control_direct_coding ****
make -j20 all 
arm-none-eabi-gcc "../Core/Src/main.c" -mcpu=cortex-m4 -std=gnu11 -g3 -DDEBUG -DUSE_HAL_DRIVER -DSTM32F401xE -c -I../Core/Inc -I../Drivers/STM32F4xx_HAL_Driver/Inc -I../Drivers/STM32F4xx_HAL_Driver/Inc/Legacy -I../Drivers/CMSIS/Device/ST/STM32F4xx/Include -I../Drivers/CMSIS/Include -O0 -ffunction-sections -fdata-sections -Wall -fstack-usage -fcyclomatic-complexity -MMD -MP -MF"Core/Src/main.d" -MT"Core/Src/main.o" --specs=nano.specs -mfpu=fpv4-sp-d16 -mfloat-abi=hard -mthumb -o "Core/Src/main.o"
arm-none-eabi-gcc -o "position_control_direct_coding.elf" @"objects.list"   -mcpu=cortex-m4 -T"E:\edc\progetto\direct_coding\position_control_direct_coding\STM32F401RETX_FLASH.ld" --specs=nosys.specs -Wl,-Map="position_control_direct_coding.map" -Wl,--gc-sections -static --specs=nano.specs -mfpu=fpv4-sp-d16 -mfloat-abi=hard -mthumb -u _printf_float -Wl,--start-group -lc -lm -Wl,--end-group
Finished building target: position_control_direct_coding.elf
 
arm-none-eabi-size  position_control_direct_coding.elf 
arm-none-eabi-objdump -h -S position_control_direct_coding.elf  > "position_control_direct_coding.list"
   text	   data	    bss	    dec	    hex	filename
  32924	    500	   2304	  35728	   8b90	position_control_direct_coding.elf
Finished building: default.size.stdout
 
Finished building: position_control_direct_coding.list
 
21:50:26 **** Incremental Build of configuration Debug for project position_control_direct_coding ****
make -j20 all 
arm-none-eabi-gcc "../Core/Src/main.c" -mcpu=cortex-m4 -std=gnu11 -g3 -DDEBUG -DUSE_HAL_DRIVER -DSTM32F401xE -c -I../Core/Inc -I../Drivers/STM32F4xx_HAL_Driver/Inc -I../Drivers/STM32F4xx_HAL_Driver/Inc/Legacy -I../Drivers/CMSIS/Device/ST/STM32F4xx/Include -I../Drivers/CMSIS/Include -O0 -ffunction-sections -fdata-sections -Wall -fstack-usage -fcyclomatic-complexity -MMD -MP -MF"Core/Src/main.d" -MT"Core/Src/main.o" --specs=nano.specs -mfpu=fpv4-sp-d16 -mfloat-abi=hard -mthumb -o "Core/Src/main.o"
../Core/Src/main.c:334:58: error: invalid suffix "M_PI" on integer constant
  334 | double referenceVals[8] = { 0.0, M_PI/4, M_PI/2, M_PI, 3/2M_PI, 2M_PI, -M_PI, M_PI };
      |                                                          ^~~~~
../Core/Src/main.c:334:65: error: invalid suffix "M_PI" on integer constant
  334 | double referenceVals[8] = { 0.0, M_PI/4, M_PI/2, M_PI, 3/2M_PI, 2M_PI, -M_PI, M_PI };
      |                                                                 ^~~~~
make: *** [Core/Src/subdir.mk:34: Core/Src/main.o] Error 1
"make -j20 all" terminated with exit code 2. Build might be incomplete.
21:50:37 **** Incremental Build of configuration Debug for project position_control_direct_coding ****
make -j20 all 
arm-none-eabi-gcc "../Core/Src/main.c" -mcpu=cortex-m4 -std=gnu11 -g3 -DDEBUG -DUSE_HAL_DRIVER -DSTM32F401xE -c -I../Core/Inc -I../Drivers/STM32F4xx_HAL_Driver/Inc -I../Drivers/STM32F4xx_HAL_Driver/Inc/Legacy -I../Drivers/CMSIS/Device/ST/STM32F4xx/Include -I../Drivers/CMSIS/Include -O0 -ffunction-sections -fdata-sections -Wall -fstack-usage -fcyclomatic-complexity -MMD -MP -MF"Core/Src/main.d" -MT"Core/Src/main.o" --specs=nano.specs -mfpu=fpv4-sp-d16 -mfloat-abi=hard -mthumb -o "Core/Src/main.o"
../Core/Src/main.c:334:58: error: invalid suffix "M_PI" on integer constant
  334 | double referenceVals[8] = { 0.0, M_PI/4, M_PI/2, M_PI, 3/2M_PI, 2M_PI, -M_PI, M_PI };
      |                                                          ^~~~~
../Core/Src/main.c:334:65: error: invalid suffix "M_PI" on integer constant
  334 | double referenceVals[8] = { 0.0, M_PI/4, M_PI/2, M_PI, 3/2M_PI, 2M_PI, -M_PI, M_PI };
      |                                                                 ^~~~~
make: *** [Core/Src/subdir.mk:34: Core/Src/main.o] Error 1
"make -j20 all" terminated with exit code 2. Build might be incomplete.
21:51:04 **** Incremental Build of configuration Debug for project position_control_direct_coding ****
make -j20 all 
arm-none-eabi-gcc "../Core/Src/main.c" -mcpu=cortex-m4 -std=gnu11 -g3 -DDEBUG -DUSE_HAL_DRIVER -DSTM32F401xE -c -I../Core/Inc -I../Drivers/STM32F4xx_HAL_Driver/Inc -I../Drivers/STM32F4xx_HAL_Driver/Inc/Legacy -I../Drivers/CMSIS/Device/ST/STM32F4xx/Include -I../Drivers/CMSIS/Include -O0 -ffunction-sections -fdata-sections -Wall -fstack-usage -fcyclomatic-complexity -MMD -MP -MF"Core/Src/main.d" -MT"Core/Src/main.o" --specs=nano.specs -mfpu=fpv4-sp-d16 -mfloat-abi=hard -mthumb -o "Core/Src/main.o"
arm-none-eabi-gcc -o "position_control_direct_coding.elf" @"objects.list"   -mcpu=cortex-m4 -T"E:\edc\progetto\direct_coding\position_control_direct_coding\STM32F401RETX_FLASH.ld" --specs=nosys.specs -Wl,-Map="position_control_direct_coding.map" -Wl,--gc-sections -static --specs=nano.specs -mfpu=fpv4-sp-d16 -mfloat-abi=hard -mthumb -u _printf_float -Wl,--start-group -lc -lm -Wl,--end-group
Finished building target: position_control_direct_coding.elf
 
arm-none-eabi-size  position_control_direct_coding.elf 
arm-none-eabi-objdump -h -S position_control_direct_coding.elf  > "position_control_direct_coding.list"
   text	   data	    bss	    dec	    hex	filename
  32924	    548	   2304	  35776	   8bc0	position_control_direct_coding.elf
Finished building: default.size.stdout
 
Finished building: position_control_direct_coding.list
 
21:52:26 **** Incremental Build of configuration Debug for project position_control_direct_coding ****
make -j20 all 
arm-none-eabi-size  position_control_direct_coding.elf 
   text	   data	    bss	    dec	    hex	filename
  32924	    548	   2304	  35776	   8bc0	position_control_direct_coding.elf
Finished building: default.size.stdout
 
21:58:34 **** Incremental Build of configuration Debug for project position_control_direct_coding ****
make -j20 all 
arm-none-eabi-gcc "../Core/Src/main.c" -mcpu=cortex-m4 -std=gnu11 -g3 -DDEBUG -DUSE_HAL_DRIVER -DSTM32F401xE -c -I../Core/Inc -I../Drivers/STM32F4xx_HAL_Driver/Inc -I../Drivers/STM32F4xx_HAL_Driver/Inc/Legacy -I../Drivers/CMSIS/Device/ST/STM32F4xx/Include -I../Drivers/CMSIS/Include -O0 -ffunction-sections -fdata-sections -Wall -fstack-usage -fcyclomatic-complexity -MMD -MP -MF"Core/Src/main.d" -MT"Core/Src/main.o" --specs=nano.specs -mfpu=fpv4-sp-d16 -mfloat-abi=hard -mthumb -o "Core/Src/main.o"
arm-none-eabi-gcc -o "position_control_direct_coding.elf" @"objects.list"   -mcpu=cortex-m4 -T"E:\edc\progetto\direct_coding\position_control_direct_coding\STM32F401RETX_FLASH.ld" --specs=nosys.specs -Wl,-Map="position_control_direct_coding.map" -Wl,--gc-sections -static --specs=nano.specs -mfpu=fpv4-sp-d16 -mfloat-abi=hard -mthumb -u _printf_float -Wl,--start-group -lc -lm -Wl,--end-group
Finished building target: position_control_direct_coding.elf
 
arm-none-eabi-size  position_control_direct_coding.elf 
arm-none-eabi-objdump -h -S position_control_direct_coding.elf  > "position_control_direct_coding.list"
   text	   data	    bss	    dec	    hex	filename
  33084	    548	   2304	  35936	   8c60	position_control_direct_coding.elf
Finished building: default.size.stdout
 
Finished building: position_control_direct_coding.list
 
22:00:43 **** Incremental Build of configuration Debug for project position_control_direct_coding ****
make -j20 all 
arm-none-eabi-gcc "../Core/Src/main.c" -mcpu=cortex-m4 -std=gnu11 -g3 -DDEBUG -DUSE_HAL_DRIVER -DSTM32F401xE -c -I../Core/Inc -I../Drivers/STM32F4xx_HAL_Driver/Inc -I../Drivers/STM32F4xx_HAL_Driver/Inc/Legacy -I../Drivers/CMSIS/Device/ST/STM32F4xx/Include -I../Drivers/CMSIS/Include -O0 -ffunction-sections -fdata-sections -Wall -fstack-usage -fcyclomatic-complexity -MMD -MP -MF"Core/Src/main.d" -MT"Core/Src/main.o" --specs=nano.specs -mfpu=fpv4-sp-d16 -mfloat-abi=hard -mthumb -o "Core/Src/main.o"
arm-none-eabi-gcc -o "position_control_direct_coding.elf" @"objects.list"   -mcpu=cortex-m4 -T"E:\edc\progetto\direct_coding\position_control_direct_coding\STM32F401RETX_FLASH.ld" --specs=nosys.specs -Wl,-Map="position_control_direct_coding.map" -Wl,--gc-sections -static --specs=nano.specs -mfpu=fpv4-sp-d16 -mfloat-abi=hard -mthumb -u _printf_float -Wl,--start-group -lc -lm -Wl,--end-group
Finished building target: position_control_direct_coding.elf
 
arm-none-eabi-size  position_control_direct_coding.elf 
arm-none-eabi-objdump -h -S position_control_direct_coding.elf  > "position_control_direct_coding.list"
   text	   data	    bss	    dec	    hex	filename
  33036	    548	   2304	  35888	   8c30	position_control_direct_coding.elf
Finished building: default.size.stdout
 
Finished building: position_control_direct_coding.list
 
22:04:29 **** Incremental Build of configuration Debug for project position_control_direct_coding ****
make -j20 all 
arm-none-eabi-gcc "../Core/Src/main.c" -mcpu=cortex-m4 -std=gnu11 -g3 -DDEBUG -DUSE_HAL_DRIVER -DSTM32F401xE -c -I../Core/Inc -I../Drivers/STM32F4xx_HAL_Driver/Inc -I../Drivers/STM32F4xx_HAL_Driver/Inc/Legacy -I../Drivers/CMSIS/Device/ST/STM32F4xx/Include -I../Drivers/CMSIS/Include -O0 -ffunction-sections -fdata-sections -Wall -fstack-usage -fcyclomatic-complexity -MMD -MP -MF"Core/Src/main.d" -MT"Core/Src/main.o" --specs=nano.specs -mfpu=fpv4-sp-d16 -mfloat-abi=hard -mthumb -o "Core/Src/main.o"
arm-none-eabi-gcc -o "position_control_direct_coding.elf" @"objects.list"   -mcpu=cortex-m4 -T"E:\edc\progetto\direct_coding\position_control_direct_coding\STM32F401RETX_FLASH.ld" --specs=nosys.specs -Wl,-Map="position_control_direct_coding.map" -Wl,--gc-sections -static --specs=nano.specs -mfpu=fpv4-sp-d16 -mfloat-abi=hard -mthumb -u _printf_float -Wl,--start-group -lc -lm -Wl,--end-group
Finished building target: position_control_direct_coding.elf
 
arm-none-eabi-size  position_control_direct_coding.elf 
arm-none-eabi-objdump -h -S position_control_direct_coding.elf  > "position_control_direct_coding.list"
   text	   data	    bss	    dec	    hex	filename
  33036	    548	   2304	  35888	   8c30	position_control_direct_coding.elf
Finished building: default.size.stdout
 
Finished building: position_control_direct_coding.list
 
22:06:39 **** Incremental Build of configuration Debug for project position_control_direct_coding ****
make -j20 all 
arm-none-eabi-gcc "../Core/Src/main.c" -mcpu=cortex-m4 -std=gnu11 -g3 -DDEBUG -DUSE_HAL_DRIVER -DSTM32F401xE -c -I../Core/Inc -I../Drivers/STM32F4xx_HAL_Driver/Inc -I../Drivers/STM32F4xx_HAL_Driver/Inc/Legacy -I../Drivers/CMSIS/Device/ST/STM32F4xx/Include -I../Drivers/CMSIS/Include -O0 -ffunction-sections -fdata-sections -Wall -fstack-usage -fcyclomatic-complexity -MMD -MP -MF"Core/Src/main.d" -MT"Core/Src/main.o" --specs=nano.specs -mfpu=fpv4-sp-d16 -mfloat-abi=hard -mthumb -o "Core/Src/main.o"
arm-none-eabi-gcc -o "position_control_direct_coding.elf" @"objects.list"   -mcpu=cortex-m4 -T"E:\edc\progetto\direct_coding\position_control_direct_coding\STM32F401RETX_FLASH.ld" --specs=nosys.specs -Wl,-Map="position_control_direct_coding.map" -Wl,--gc-sections -static --specs=nano.specs -mfpu=fpv4-sp-d16 -mfloat-abi=hard -mthumb -u _printf_float -Wl,--start-group -lc -lm -Wl,--end-group
Finished building target: position_control_direct_coding.elf
 
arm-none-eabi-size  position_control_direct_coding.elf 
arm-none-eabi-objdump -h -S position_control_direct_coding.elf  > "position_control_direct_coding.list"
   text	   data	    bss	    dec	    hex	filename
  33036	    548	   2304	  35888	   8c30	position_control_direct_coding.elf
Finished building: default.size.stdout
 
Finished building: position_control_direct_coding.list
 
22:08:49 **** Incremental Build of configuration Debug for project position_control_direct_coding ****
make -j20 all 
arm-none-eabi-gcc "../Core/Src/main.c" -mcpu=cortex-m4 -std=gnu11 -g3 -DDEBUG -DUSE_HAL_DRIVER -DSTM32F401xE -c -I../Core/Inc -I../Drivers/STM32F4xx_HAL_Driver/Inc -I../Drivers/STM32F4xx_HAL_Driver/Inc/Legacy -I../Drivers/CMSIS/Device/ST/STM32F4xx/Include -I../Drivers/CMSIS/Include -O0 -ffunction-sections -fdata-sections -Wall -fstack-usage -fcyclomatic-complexity -MMD -MP -MF"Core/Src/main.d" -MT"Core/Src/main.o" --specs=nano.specs -mfpu=fpv4-sp-d16 -mfloat-abi=hard -mthumb -o "Core/Src/main.o"
arm-none-eabi-gcc -o "position_control_direct_coding.elf" @"objects.list"   -mcpu=cortex-m4 -T"E:\edc\progetto\direct_coding\position_control_direct_coding\STM32F401RETX_FLASH.ld" --specs=nosys.specs -Wl,-Map="position_control_direct_coding.map" -Wl,--gc-sections -static --specs=nano.specs -mfpu=fpv4-sp-d16 -mfloat-abi=hard -mthumb -u _printf_float -Wl,--start-group -lc -lm -Wl,--end-group
Finished building target: position_control_direct_coding.elf
 
arm-none-eabi-size  position_control_direct_coding.elf 
arm-none-eabi-objdump -h -S position_control_direct_coding.elf  > "position_control_direct_coding.list"
   text	   data	    bss	    dec	    hex	filename
  32744	    548	   2304	  35596	   8b0c	position_control_direct_coding.elf
Finished building: default.size.stdout
 
Finished building: position_control_direct_coding.list
 
22:10:21 **** Incremental Build of configuration Debug for project position_control_direct_coding ****
make -j20 all 
arm-none-eabi-size  position_control_direct_coding.elf 
   text	   data	    bss	    dec	    hex	filename
  32744	    548	   2304	  35596	   8b0c	position_control_direct_coding.elf
Finished building: default.size.stdout
 
22:11:44 **** Incremental Build of configuration Debug for project position_control_direct_coding ****
make -j20 all 
arm-none-eabi-size  position_control_direct_coding.elf 
   text	   data	    bss	    dec	    hex	filename
  32744	    548	   2304	  35596	   8b0c	position_control_direct_coding.elf
Finished building: default.size.stdout
 
22:12:11 **** Incremental Build of configuration Debug for project position_control_direct_coding ****
make -j20 all 
arm-none-eabi-size  position_control_direct_coding.elf 
   text	   data	    bss	    dec	    hex	filename
  32744	    548	   2304	  35596	   8b0c	position_control_direct_coding.elf
Finished building: default.size.stdout
 
22:15:53 **** Incremental Build of configuration Debug for project position_control_direct_coding ****
make -j20 all 
arm-none-eabi-gcc "../Core/Src/main.c" -mcpu=cortex-m4 -std=gnu11 -g3 -DDEBUG -DUSE_HAL_DRIVER -DSTM32F401xE -c -I../Core/Inc -I../Drivers/STM32F4xx_HAL_Driver/Inc -I../Drivers/STM32F4xx_HAL_Driver/Inc/Legacy -I../Drivers/CMSIS/Device/ST/STM32F4xx/Include -I../Drivers/CMSIS/Include -O0 -ffunction-sections -fdata-sections -Wall -fstack-usage -fcyclomatic-complexity -MMD -MP -MF"Core/Src/main.d" -MT"Core/Src/main.o" --specs=nano.specs -mfpu=fpv4-sp-d16 -mfloat-abi=hard -mthumb -o "Core/Src/main.o"
arm-none-eabi-gcc -o "position_control_direct_coding.elf" @"objects.list"   -mcpu=cortex-m4 -T"E:\edc\progetto\direct_coding\position_control_direct_coding\STM32F401RETX_FLASH.ld" --specs=nosys.specs -Wl,-Map="position_control_direct_coding.map" -Wl,--gc-sections -static --specs=nano.specs -mfpu=fpv4-sp-d16 -mfloat-abi=hard -mthumb -u _printf_float -Wl,--start-group -lc -lm -Wl,--end-group
Finished building target: position_control_direct_coding.elf
 
arm-none-eabi-size  position_control_direct_coding.elf 
arm-none-eabi-objdump -h -S position_control_direct_coding.elf  > "position_control_direct_coding.list"
   text	   data	    bss	    dec	    hex	filename
  32744	    548	   2304	  35596	   8b0c	position_control_direct_coding.elf
Finished building: default.size.stdout
 
Finished building: position_control_direct_coding.list
 
22:18:20 **** Incremental Build of configuration Debug for project position_control_direct_coding ****
make -j20 all 
arm-none-eabi-size  position_control_direct_coding.elf 
   text	   data	    bss	    dec	    hex	filename
  32744	    548	   2304	  35596	   8b0c	position_control_direct_coding.elf
Finished building: default.size.stdout
 
22:20:07 **** Incremental Build of configuration Debug for project position_control_direct_coding ****
make -j20 all 
arm-none-eabi-size  position_control_direct_coding.elf 
   text	   data	    bss	    dec	    hex	filename
  32744	    548	   2304	  35596	   8b0c	position_control_direct_coding.elf
[...]
../Core/Src/main.c: In function 'HAL_TIM_PeriodElapsedCallback':
../Core/Src/main.c:835:20: warning: unused variable 'torque_value' [-Wunused-variable]
  835 |             double torque_value = k_t*y_hat_local;
      |                    ^~~~~~~~~~~~
arm-none-eabi-gcc -o "torque_control_direct_coding.elf" @"objects.list"   -mcpu=cortex-m4 -T"E:\edc\progetto\direct_coding\torque_control_direct_coding\STM32F401RETX_FLASH.ld" --specs=nosys.specs -Wl,-Map="torque_control_direct_coding.map" -Wl,--gc-sections -static --specs=nano.specs -mfpu=fpv4-sp-d16 -mfloat-abi=hard -mthumb -u _printf_float -Wl,--start-group -lc -lm -Wl,--end-group
Finished building target: torque_control_direct_coding.elf
 
arm-none-eabi-size  torque_control_direct_coding.elf 
arm-none-eabi-objdump -h -S torque_control_direct_coding.elf  > "torque_control_direct_coding.list"
   text	   data	    bss	    dec	    hex	filename
  33988	    564	   2472	  37024	   90a0	torque_control_direct_coding.elf
Finished building: default.size.stdout
 
Finished building: torque_control_direct_coding.list
 
16:27:55 **** Incremental Build of configuration Debug for project torque_control_direct_coding ****
make -j20 all 
arm-none-eabi-gcc "../Core/Src/main.c" -mcpu=cortex-m4 -std=gnu11 -g3 -DDEBUG -DUSE_HAL_DRIVER -DSTM32F401xE -c -I../Core/Inc -I../Drivers/STM32F4xx_HAL_Driver/Inc -I../Drivers/STM32F4xx_HAL_Driver/Inc/Legacy -I../Drivers/CMSIS/Device/ST/STM32F4xx/Include -I../Drivers/CMSIS/Include -O0 -ffunction-sections -fdata-sections -Wall -fstack-usage -fcyclomatic-complexity -MMD -MP -MF"Core/Src/main.d" -MT"Core/Src/main.o" --specs=nano.specs -mfpu=fpv4-sp-d16 -mfloat-abi=hard -mthumb -o "Core/Src/main.o"
../Core/Src/main.c: In function 'HAL_TIM_PeriodElapsedCallback':
../Core/Src/main.c:835:20: warning: unused variable 'torque_value' [-Wunused-variable]
  835 |             double torque_value = k_t*y_hat_local;
      |                    ^~~~~~~~~~~~
arm-none-eabi-gcc -o "torque_control_direct_coding.elf" @"objects.list"   -mcpu=cortex-m4 -T"E:\edc\progetto\direct_coding\torque_control_direct_coding\STM32F401RETX_FLASH.ld" --specs=nosys.specs -Wl,-Map="torque_control_direct_coding.map" -Wl,--gc-sections -static --specs=nano.specs -mfpu=fpv4-sp-d16 -mfloat-abi=hard -mthumb -u _printf_float -Wl,--start-group -lc -lm -Wl,--end-group
Finished building target: torque_control_direct_coding.elf
 
arm-none-eabi-size  torque_control_direct_coding.elf 
arm-none-eabi-objdump -h -S torque_control_direct_coding.elf  > "torque_control_direct_coding.list"
   text	   data	    bss	    dec	    hex	filename
  33988	    580	   2472	  37040	   90b0	torque_control_direct_coding.elf
Finished building: default.size.stdout
 
Finished building: torque_control_direct_coding.list
 
16:44:01 **** Incremental Build of configuration Debug for project torque_control_direct_coding ****
make -j20 all 
arm-none-eabi-gcc "../Core/Src/main.c" -mcpu=cortex-m4 -std=gnu11 -g3 -DDEBUG -DUSE_HAL_DRIVER -DSTM32F401xE -c -I../Core/Inc -I../Drivers/STM32F4xx_HAL_Driver/Inc -I../Drivers/STM32F4xx_HAL_Driver/Inc/Legacy -I../Drivers/CMSIS/Device/ST/STM32F4xx/Include -I../Drivers/CMSIS/Include -O0 -ffunction-sections -fdata-sections -Wall -fstack-usage -fcyclomatic-complexity -MMD -MP -MF"Core/Src/main.d" -MT"Core/Src/main.o" --specs=nano.specs -mfpu=fpv4-sp-d16 -mfloat-abi=hard -mthumb -o "Core/Src/main.o"
../Core/Src/main.c: In function 'HAL_TIM_PeriodElapsedCallback':
../Core/Src/main.c:835:20: warning: unused variable 'torque_value' [-Wunused-variable]
  835 |             double torque_value = k_t*y_hat_local;
      |                    ^~~~~~~~~~~~
arm-none-eabi-gcc -o "torque_control_direct_coding.elf" @"objects.list"   -mcpu=cortex-m4 -T"E:\edc\progetto\direct_coding\torque_control_direct_coding\STM32F401RETX_FLASH.ld" --specs=nosys.specs -Wl,-Map="torque_control_direct_coding.map" -Wl,--gc-sections -static --specs=nano.specs -mfpu=fpv4-sp-d16 -mfloat-abi=hard -mthumb -u _printf_float -Wl,--start-group -lc -lm -Wl,--end-group
Finished building target: torque_control_direct_coding.elf
 
arm-none-eabi-size  torque_control_direct_coding.elf 
arm-none-eabi-objdump -h -S torque_control_direct_coding.elf  > "torque_control_direct_coding.list"
   text	   data	    bss	    dec	    hex	filename
  34060	    580	   2472	  37112	   90f8	torque_control_direct_coding.elf
Finished building: default.size.stdout
 
Finished building: torque_control_direct_coding.list
 
16:45:53 **** Incremental Build of configuration Debug for project torque_control_direct_coding ****
make -j20 all 
arm-none-eabi-gcc "../Core/Src/main.c" -mcpu=cortex-m4 -std=gnu11 -g3 -DDEBUG -DUSE_HAL_DRIVER -DSTM32F401xE -c -I../Core/Inc -I../Drivers/STM32F4xx_HAL_Driver/Inc -I../Drivers/STM32F4xx_HAL_Driver/Inc/Legacy -I../Drivers/CMSIS/Device/ST/STM32F4xx/Include -I../Drivers/CMSIS/Include -O0 -ffunction-sections -fdata-sections -Wall -fstack-usage -fcyclomatic-complexity -MMD -MP -MF"Core/Src/main.d" -MT"Core/Src/main.o" --specs=nano.specs -mfpu=fpv4-sp-d16 -mfloat-abi=hard -mthumb -o "Core/Src/main.o"
../Core/Src/main.c: In function 'HAL_TIM_PeriodElapsedCallback':
../Core/Src/main.c:835:20: warning: unused variable 'torque_value' [-Wunused-variable]
  835 |             double torque_value = k_t*y_hat_local;
      |                    ^~~~~~~~~~~~
arm-none-eabi-gcc -o "torque_control_direct_coding.elf" @"objects.list"   -mcpu=cortex-m4 -T"E:\edc\progetto\direct_coding\torque_control_direct_coding\STM32F401RETX_FLASH.ld" --specs=nosys.specs -Wl,-Map="torque_control_direct_coding.map" -Wl,--gc-sections -static --specs=nano.specs -mfpu=fpv4-sp-d16 -mfloat-abi=hard -mthumb -u _printf_float -Wl,--start-group -lc -lm -Wl,--end-group
Finished building target: torque_control_direct_coding.elf
 
arm-none-eabi-size  torque_control_direct_coding.elf 
arm-none-eabi-objdump -h -S torque_control_direct_coding.elf  > "torque_control_direct_coding.list"
   text	   data	    bss	    dec	    hex	filename
  34060	    580	   2472	  37112	   90f8	torque_control_direct_coding.elf
Finished building: default.size.stdout
 
Finished building: torque_control_direct_coding.list
 
16:47:59 **** Incremental Build of configuration Debug for project torque_control_direct_coding ****
make -j20 all 
arm-none-eabi-size  torque_control_direct_coding.elf 
   text	   data	    bss	    dec	    hex	filename
  34060	    580	   2472	  37112	   90f8	torque_control_direct_coding.elf
Finished building: default.size.stdout
 
16:49:42 **** Incremental Build of configuration Debug for project torque_control_direct_coding ****
make -j20 all 
arm-none-eabi-gcc "../Core/Src/main.c" -mcpu=cortex-m4 -std=gnu11 -g3 -DDEBUG -DUSE_HAL_DRIVER -DSTM32F401xE -c -I../Core/Inc -I../Drivers/STM32F4xx_HAL_Driver/Inc -I../Drivers/STM32F4xx_HAL_Driver/Inc/Legacy -I../Drivers/CMSIS/Device/ST/STM32F4xx/Include -I../Drivers/CMSIS/Include -O0 -ffunction-sections -fdata-sections -Wall -fstack-usage -fcyclomatic-complexity -MMD -MP -MF"Core/Src/main.d" -MT"Core/Src/main.o" --specs=nano.specs -mfpu=fpv4-sp-d16 -mfloat-abi=hard -mthumb -o "Core/Src/main.o"
../Core/Src/main.c: In function 'HAL_TIM_PeriodElapsedCallback':
../Core/Src/main.c:835:20: warning: unused variable 'torque_value' [-Wunused-variable]
  835 |             double torque_value = k_t*y_hat_local;
      |                    ^~~~~~~~~~~~
arm-none-eabi-gcc -o "torque_control_direct_coding.elf" @"objects.list"   -mcpu=cortex-m4 -T"E:\edc\progetto\direct_coding\torque_control_direct_coding\STM32F401RETX_FLASH.ld" --specs=nosys.specs -Wl,-Map="torque_control_direct_coding.map" -Wl,--gc-sections -static --specs=nano.specs -mfpu=fpv4-sp-d16 -mfloat-abi=hard -mthumb -u _printf_float -Wl,--start-group -lc -lm -Wl,--end-group
Finished building target: torque_control_direct_coding.elf
 
arm-none-eabi-size  torque_control_direct_coding.elf 
arm-none-eabi-objdump -h -S torque_control_direct_coding.elf  > "torque_control_direct_coding.list"
   text	   data	    bss	    dec	    hex	filename
  34060	    580	   2472	  37112	   90f8	torque_control_direct_coding.elf
Finished building: default.size.stdout
 
Finished building: torque_control_direct_coding.list
 
17:34:32 **** Incremental Build of configuration Debug for project torque_control_direct_coding ****
make -j20 all 
arm-none-eabi-gcc "../Core/Src/main.c" -mcpu=cortex-m4 -std=gnu11 -g3 -DDEBUG -DUSE_HAL_DRIVER -DSTM32F401xE -c -I../Core/Inc -I../Drivers/STM32F4xx_HAL_Driver/Inc -I../Drivers/STM32F4xx_HAL_Driver/Inc/Legacy -I../Drivers/CMSIS/Device/ST/STM32F4xx/Include -I../Drivers/CMSIS/Include -O0 -ffunction-sections -fdata-sections -Wall -fstack-usage -fcyclomatic-complexity -MMD -MP -MF"Core/Src/main.d" -MT"Core/Src/main.o" --specs=nano.specs -mfpu=fpv4-sp-d16 -mfloat-abi=hard -mthumb -o "Core/Src/main.o"
../Core/Src/main.c: In function 'HAL_TIM_PeriodElapsedCallback':
../Core/Src/main.c:835:20: warning: unused variable 'torque_value' [-Wunused-variable]
  835 |             double torque_value = k_t*y_hat_local;
      |                    ^~~~~~~~~~~~
arm-none-eabi-gcc -o "torque_control_direct_coding.elf" @"objects.list"   -mcpu=cortex-m4 -T"E:\edc\progetto\direct_coding\torque_control_direct_coding\STM32F401RETX_FLASH.ld" --specs=nosys.specs -Wl,-Map="torque_control_direct_coding.map" -Wl,--gc-sections -static --specs=nano.specs -mfpu=fpv4-sp-d16 -mfloat-abi=hard -mthumb -u _printf_float -Wl,--start-group -lc -lm -Wl,--end-group
Finished building target: torque_control_direct_coding.elf
 
arm-none-eabi-size  torque_control_direct_coding.elf 
arm-none-eabi-objdump -h -S torque_control_direct_coding.elf  > "torque_control_direct_coding.list"
   text	   data	    bss	    dec	    hex	filename
  34060	    596	   2472	  37128	   9108	torque_control_direct_coding.elf
Finished building: default.size.stdout
 
Finished building: torque_control_direct_coding.list
 
17:37:28 **** Incremental Build of configuration Debug for project torque_control_direct_coding ****
make -j20 all 
arm-none-eabi-gcc "../Core/Src/main.c" -mcpu=cortex-m4 -std=gnu11 -g3 -DDEBUG -DUSE_HAL_DRIVER -DSTM32F401xE -c -I../Core/Inc -I../Drivers/STM32F4xx_HAL_Driver/Inc -I../Drivers/STM32F4xx_HAL_Driver/Inc/Legacy -I../Drivers/CMSIS/Device/ST/STM32F4xx/Include -I../Drivers/CMSIS/Include -O0 -ffunction-sections -fdata-sections -Wall -fstack-usage -fcyclomatic-complexity -MMD -MP -MF"Core/Src/main.d" -MT"Core/Src/main.o" --specs=nano.specs -mfpu=fpv4-sp-d16 -mfloat-abi=hard -mthumb -o "Core/Src/main.o"
../Core/Src/main.c: In function 'HAL_TIM_PeriodElapsedCallback':
../Core/Src/main.c:832:20: warning: unused variable 'torque_value' [-Wunused-variable]
  832 |             double torque_value = k_t*y_hat_local;
      |                    ^~~~~~~~~~~~
arm-none-eabi-gcc -o "torque_control_direct_coding.elf" @"objects.list"   -mcpu=cortex-m4 -T"E:\edc\progetto\direct_coding\torque_control_direct_coding\STM32F401RETX_FLASH.ld" --specs=nosys.specs -Wl,-Map="torque_control_direct_coding.map" -Wl,--gc-sections -static --specs=nano.specs -mfpu=fpv4-sp-d16 -mfloat-abi=hard -mthumb -u _printf_float -Wl,--start-group -lc -lm -Wl,--end-group
Finished building target: torque_control_direct_coding.elf
 
arm-none-eabi-size  torque_control_direct_coding.elf 
arm-none-eabi-objdump -h -S torque_control_direct_coding.elf  > "torque_control_direct_coding.list"
   text	   data	    bss	    dec	    hex	filename
  33964	    580	   2472	  37016	   9098	torque_control_direct_coding.elf
Finished building: default.size.stdout
 
Finished building: torque_control_direct_coding.list
 
17:39:58 **** Incremental Build of configuration Debug for project torque_control_direct_coding ****
make -j20 all 
arm-none-eabi-size  torque_control_direct_coding.elf 
   text	   data	    bss	    dec	    hex	filename
  33964	    580	   2472	  37016	   9098	torque_control_direct_coding.elf
Finished building: default.size.stdout
 
17:42:13 **** Incremental Build of configuration Debug for project torque_control_direct_coding ****
make -j20 all 
arm-none-eabi-gcc "../Core/Src/main.c" -mcpu=cortex-m4 -std=gnu11 -g3 -DDEBUG -DUSE_HAL_DRIVER -DSTM32F401xE -c -I../Core/Inc -I../Drivers/STM32F4xx_HAL_Driver/Inc -I../Drivers/STM32F4xx_HAL_Driver/Inc/Legacy -I../Drivers/CMSIS/Device/ST/STM32F4xx/Include -I../Drivers/CMSIS/Include -O0 -ffunction-sections -fdata-sections -Wall -fstack-usage -fcyclomatic-complexity -MMD -MP -MF"Core/Src/main.d" -MT"Core/Src/main.o" --specs=nano.specs -mfpu=fpv4-sp-d16 -mfloat-abi=hard -mthumb -o "Core/Src/main.o"
../Core/Src/main.c: In function 'HAL_TIM_PeriodElapsedCallback':
../Core/Src/main.c:832:20: warning: unused variable 'torque_value' [-Wunused-variable]
  832 |             double torque_value = k_t*y_hat_local;
      |                    ^~~~~~~~~~~~
arm-none-eabi-gcc -o "torque_control_direct_coding.elf" @"objects.list"   -mcpu=cortex-m4 -T"E:\edc\progetto\direct_coding\torque_control_direct_coding\STM32F401RETX_FLASH.ld" --specs=nosys.specs -Wl,-Map="torque_control_direct_coding.map" -Wl,--gc-sections -static --specs=nano.specs -mfpu=fpv4-sp-d16 -mfloat-abi=hard -mthumb -u _printf_float -Wl,--start-group -lc -lm -Wl,--end-group
Finished building target: torque_control_direct_coding.elf
 
arm-none-eabi-size  torque_control_direct_coding.elf 
arm-none-eabi-objdump -h -S torque_control_direct_coding.elf  > "torque_control_direct_coding.list"
   text	   data	    bss	    dec	    hex	filename
  33964	    564	   2472	  37000	   9088	torque_control_direct_coding.elf
Finished building: default.size.stdout
 
Finished building: torque_control_direct_coding.list
 
17:45:02 **** Incremental Build of configuration Debug for project torque_control_direct_coding ****
make -j20 all 
arm-none-eabi-gcc "../Core/Src/main.c" -mcpu=cortex-m4 -std=gnu11 -g3 -DDEBUG -DUSE_HAL_DRIVER -DSTM32F401xE -c -I../Core/Inc -I../Drivers/STM32F4xx_HAL_Driver/Inc -I../Drivers/STM32F4xx_HAL_Driver/Inc/Legacy -I../Drivers/CMSIS/Device/ST/STM32F4xx/Include -I../Drivers/CMSIS/Include -O0 -ffunction-sections -fdata-sections -Wall -fstack-usage -fcyclomatic-complexity -MMD -MP -MF"Core/Src/main.d" -MT"Core/Src/main.o" --specs=nano.specs -mfpu=fpv4-sp-d16 -mfloat-abi=hard -mthumb -o "Core/Src/main.o"
../Core/Src/main.c: In function 'HAL_TIM_PeriodElapsedCallback':
../Core/Src/main.c:832:20: warning: unused variable 'torque_value' [-Wunused-variable]
  832 |             double torque_value = k_t*y_hat_local;
      |                    ^~~~~~~~~~~~
arm-none-eabi-gcc -o "torque_control_direct_coding.elf" @"objects.list"   -mcpu=cortex-m4 -T"E:\edc\progetto\direct_coding\torque_control_direct_coding\STM32F401RETX_FLASH.ld" --specs=nosys.specs -Wl,-Map="torque_control_direct_coding.map" -Wl,--gc-sections -static --specs=nano.specs -mfpu=fpv4-sp-d16 -mfloat-abi=hard -mthumb -u _printf_float -Wl,--start-group -lc -lm -Wl,--end-group
Finished building target: torque_control_direct_coding.elf
 
arm-none-eabi-size  torque_control_direct_coding.elf 
arm-none-eabi-objdump -h -S torque_control_direct_coding.elf  > "torque_control_direct_coding.list"
   text	   data	    bss	    dec	    hex	filename
  33964	    580	   2472	  37016	   9098	torque_control_direct_coding.elf
Finished building: default.size.stdout
 
Finished building: torque_control_direct_coding.list
 
17:46:50 **** Incremental Build of configuration Debug for project torque_control_direct_coding ****
make -j20 all 
arm-none-eabi-gcc "../Core/Src/main.c" -mcpu=cortex-m4 -std=gnu11 -g3 -DDEBUG -DUSE_HAL_DRIVER -DSTM32F401xE -c -I../Core/Inc -I../Drivers/STM32F4xx_HAL_Driver/Inc -I../Drivers/STM32F4xx_HAL_Driver/Inc/Legacy -I../Drivers/CMSIS/Device/ST/STM32F4xx/Include -I../Drivers/CMSIS/Include -O0 -ffunction-sections -fdata-sections -Wall -fstack-usage -fcyclomatic-complexity -MMD -MP -MF"Core/Src/main.d" -MT"Core/Src/main.o" --specs=nano.specs -mfpu=fpv4-sp-d16 -mfloat-abi=hard -mthumb -o "Core/Src/main.o"
../Core/Src/main.c: In function 'HAL_TIM_PeriodElapsedCallback':
../Core/Src/main.c:832:20: warning: unused variable 'torque_value' [-Wunused-variable]
  832 |             double torque_value = k_t*y_hat_local;
      |                    ^~~~~~~~~~~~
arm-none-eabi-gcc -o "torque_control_direct_coding.elf" @"objects.list"   -mcpu=cortex-m4 -T"E:\edc\progetto\direct_coding\torque_control_direct_coding\STM32F401RETX_FLASH.ld" --specs=nosys.specs -Wl,-Map="torque_control_direct_coding.map" -Wl,--gc-sections -static --specs=nano.specs -mfpu=fpv4-sp-d16 -mfloat-abi=hard -mthumb -u _printf_float -Wl,--start-group -lc -lm -Wl,--end-group
Finished building target: torque_control_direct_coding.elf
 
arm-none-eabi-size  torque_control_direct_coding.elf 
arm-none-eabi-objdump -h -S torque_control_direct_coding.elf  > "torque_control_direct_coding.list"
   text	   data	    bss	    dec	    hex	filename
  33964	    564	   2472	  37000	   9088	torque_control_direct_coding.elf
Finished building: default.size.stdout
 
Finished building: torque_control_direct_coding.list
 
17:48:14 **** Incremental Build of configuration Debug for project torque_control_direct_coding ****
make -j20 all 
arm-none-eabi-gcc "../Core/Src/main.c" -mcpu=cortex-m4 -std=gnu11 -g3 -DDEBUG -DUSE_HAL_DRIVER -DSTM32F401xE -c -I../Core/Inc -I../Drivers/STM32F4xx_HAL_Driver/Inc -I../Drivers/STM32F4xx_HAL_Driver/Inc/Legacy -I../Drivers/CMSIS/Device/ST/STM32F4xx/Include -I../Drivers/CMSIS/Include -O0 -ffunction-sections -fdata-sections -Wall -fstack-usage -fcyclomatic-complexity -MMD -MP -MF"Core/Src/main.d" -MT"Core/Src/main.o" --specs=nano.specs -mfpu=fpv4-sp-d16 -mfloat-abi=hard -mthumb -o "Core/Src/main.o"
../Core/Src/main.c: In function 'HAL_TIM_PeriodElapsedCallback':
../Core/Src/main.c:832:20: warning: unused variable 'torque_value' [-Wunused-variable]
  832 |             double torque_value = k_t*y_hat_local;
      |                    ^~~~~~~~~~~~
arm-none-eabi-gcc -o "torque_control_direct_coding.elf" @"objects.list"   -mcpu=cortex-m4 -T"E:\edc\progetto\direct_coding\torque_control_direct_coding\STM32F401RETX_FLASH.ld" --specs=nosys.specs -Wl,-Map="torque_control_direct_coding.map" -Wl,--gc-sections -static --specs=nano.specs -mfpu=fpv4-sp-d16 -mfloat-abi=hard -mthumb -u _printf_float -Wl,--start-group -lc -lm -Wl,--end-group
Finished building target: torque_control_direct_coding.elf
 
arm-none-eabi-size  torque_control_direct_coding.elf 
arm-none-eabi-objdump -h -S torque_control_direct_coding.elf  > "torque_control_direct_coding.list"
   text	   data	    bss	    dec	    hex	filename
  33964	    580	   2472	  37016	   9098	torque_control_direct_coding.elf
Finished building: default.size.stdout
 
Finished building: torque_control_direct_coding.list
 
17:49:48 **** Incremental Build of configuration Debug for project torque_control_direct_coding ****
make -j20 all 
arm-none-eabi-size  torque_control_direct_coding.elf 
   text	   data	    bss	    dec	    hex	filename
  33964	    580	   2472	  37016	   9098	torque_control_direct_coding.elf
Finished building: default.size.stdout
 
17:53:14 **** Build of configuration Debug for project position_control_direct_coding ****
make -j20 all 
arm-none-eabi-size  position_control_direct_coding.elf 
   text	   data	    bss	    dec	    hex	filename
  31316	    572	   2384	  34272	   85e0	position_control_direct_coding.elf
Finished building: default.size.stdout
 
17:53:37 **** Incremental Build of configuration Debug for project position_control_direct_coding ****
make -j20 all 
arm-none-eabi-size  position_control_direct_coding.elf 
   text	   data	    bss	    dec	    hex	filename
  31316	    572	   2384	  34272	   85e0	position_control_direct_coding.elf
Finished building: default.size.stdout
 
