../Core/Src/main.c:85:6:cb_init	24	static
../Core/Src/main.c:100:6:cb_free	16	static
../Core/Src/main.c:105:6:cb_push_back	16	static
../Core/Src/main.c:119:6:cb_pop_front	16	static
../Core/Src/main.c:148:5:_write	32	static
../Core/Src/main.c:162:6:setPulseFromDutyValue	32	static
../Core/Src/main.c:181:8:getSpeedByDelta	32	static
../Core/Src/main.c:185:8:getTicksDelta	48	static
../Core/Src/main.c:199:5:sign	16	static
../Core/Src/main.c:211:8:getPosition	48	static
../Core/Src/main.c:222:8:getErrorPos	24	static
../Core/Src/main.c:236:8:getRef	104	static
../Core/Src/main.c:311:5:main	152	static
../Core/Src/main.c:387:6:SystemClock_Config	88	static
../Core/Src/main.c:429:13:MX_TIM1_Init	56	static
../Core/Src/main.c:477:13:MX_TIM3_Init	64	static
../Core/Src/main.c:536:13:MX_TIM4_Init	32	static
../Core/Src/main.c:578:13:MX_USART2_UART_Init	8	static
../Core/Src/main.c:609:13:MX_GPIO_Init	40	static
../Core/Src/main.c:629:6:HAL_TIM_PeriodElapsedCallback	144	static
../Core/Src/main.c:717:6:Error_Handler	4	static,ignoring_inline_asm
